******************************************************************************
                  MSP430 Linker PC v16.9.4                     
******************************************************************************
>> Linked Thu Dec 07 00:33:58 2017

OUTPUT FILE NAME:   <sim800l_call_sms.out>
ENTRY POINT SYMBOL: "_c_int00_noargs_noexit"  address: 0000d72c


MEMORY CONFIGURATION

         name            origin    length      used     unused   attr    fill
----------------------  --------  ---------  --------  --------  ----  --------
  SFR                   00000000   00000010  00000000  00000010  RWIX
  PERIPHERALS_8BIT      00000010   000000f0  00000000  000000f0  RWIX
  PERIPHERALS_16BIT     00000100   00000100  00000000  00000100  RWIX
  RAM                   00000200   00000200  0000005d  000001a3  RWIX
  INFOD                 00001000   00000040  00000000  00000040  RWIX
  INFOC                 00001040   00000040  00000000  00000040  RWIX
  INFOB                 00001080   00000040  00000000  00000040  RWIX
  INFOA                 000010c0   00000040  00000000  00000040  RWIX
  FLASH                 0000c000   00003fde  000018f0  000026ee  RWIX
  BSLSIGNATURE          0000ffde   00000002  00000002  00000000  RWIX  ffff 
  INT00                 0000ffe0   00000002  00000002  00000000  RWIX
  INT01                 0000ffe2   00000002  00000000  00000002  RWIX
  INT02                 0000ffe4   00000002  00000002  00000000  RWIX
  INT03                 0000ffe6   00000002  00000002  00000000  RWIX
  INT04                 0000ffe8   00000002  00000000  00000002  RWIX
  INT05                 0000ffea   00000002  00000002  00000000  RWIX
  INT06                 0000ffec   00000002  00000002  00000000  RWIX
  INT07                 0000ffee   00000002  00000002  00000000  RWIX
  INT08                 0000fff0   00000002  00000002  00000000  RWIX
  INT09                 0000fff2   00000002  00000002  00000000  RWIX
  INT10                 0000fff4   00000002  00000002  00000000  RWIX
  INT11                 0000fff6   00000002  00000002  00000000  RWIX
  INT12                 0000fff8   00000002  00000002  00000000  RWIX
  INT13                 0000fffa   00000002  00000002  00000000  RWIX
  INT14                 0000fffc   00000002  00000002  00000000  RWIX
  RESET                 0000fffe   00000002  00000002  00000000  RWIX


SECTION ALLOCATION MAP

 output                                  attributes/
section   page    origin      length       input sections
--------  ----  ----------  ----------   ----------------
.data      0    00000200    00000009     UNINITIALIZED
                  00000200    00000008     UART_library.obj (.data)
                  00000208    00000001     LM35_ADC.obj (.data)

.bss       0    0000020a    00000004     UNINITIALIZED
                  0000020a    00000004     (.common:temp)

.stack     0    000003b0    00000050     UNINITIALIZED
                  000003b0    00000002     rts430_eabi.lib : boot.obj (.stack)
                  000003b2    0000004e     --HOLE--

.text      0    0000c000    00001838     
                  0000c000    000002e8     rts430_eabi.lib : addd.obj (.text:__mspabi_addd)
                  0000c2e8    00000260                     : frcaddd.obj (.text:__TI_frcaddd)
                  0000c548    00000158     LCD16x2.obj (.text:LCD_PrintFloat)
                  0000c6a0    00000132     rts430_eabi.lib : fs_add.obj (.text)
                  0000c7d2    00000102     main.obj (.text:main)
                  0000c8d4    000000c8     LCD16x2.obj (.text:dao_data)
                  0000c99c    000000c4     rts430_eabi.lib : fs_mpy.obj (.text)
                  0000ca60    000000be                     : renormd.obj (.text:__TI_renormd)
                  0000cb1e    000000b2     LCD16x2.obj (.text:config_LCD)
                  0000cbd0    000000ac     UART_library.obj (.text:UART_Write_Float)
                  0000cc7c    000000a8     sim800l.obj (.text:Sim800l_Init)
                  0000cd24    0000009e     sim800l.obj (.text:Sim800l_Sms)
                  0000cdc2    00000092     LCD16x2.obj (.text:LCD_Command)
                  0000ce54    00000082     clock.obj (.text:config_clock_MHz)
                  0000ced6    00000080     UART_library.obj (.text:UART_Write_Int)
                  0000cf56    0000007c     rts430_eabi.lib : copy_decompress_lzss.obj (.text:decompress:lzss:__TI_decompress_lzss)
                  0000cfd2    00000074                     : fixdul.obj (.text:__mspabi_fixdul)
                  0000d046    00000072                     : cvtfd.obj (.text:__mspabi_cvtfd)
                  0000d0b8    0000006e                     : autoinit.obj (.text:_auto_init)
                  0000d126    0000005c                     : lsr32.obj (.text:l_lsr_const)
                  0000d182    0000005a                     : cpy_tbl.obj (.text:copy_in)
                  0000d1dc    00000058                     : div32u.obj (.text)
                  0000d234    00000056     LCD16x2.obj (.text:LCD_Init_write)
                  0000d28a    00000054     LM35_ADC.obj (.text:config_ADC10)
                  0000d2de    00000052     LCD16x2.obj (.text:config_LED)
                  0000d330    0000004e     LM35_ADC.obj (.text:ADC10_read_temp)
                  0000d37e    0000004c     rts430_eabi.lib : fs_toul.obj (.text)
                  0000d3ca    0000004c                     : lsr16.obj (.text)
                  0000d416    0000004a                     : fs_cmp.obj (.text)
                  0000d460    00000048     UART_library.obj (.text:UART_Init)
                  0000d4a8    0000003e     main.obj (.text:interrup)
                  0000d4e6    0000003e     rts430_eabi.lib : asr32.obj (.text:l_asr_const)
                  0000d524    0000003e                     : lsl32.obj (.text:l_lsl_const)
                  0000d562    0000003a     sim800l.obj (.text:Sim800l_Call)
                  0000d59c    00000038     LCD16x2.obj (.text:LCD_CursorShift)
                  0000d5d4    00000032     rts430_eabi.lib : fs_ultof.obj (.text)
                  0000d606    0000002e     UART_library.obj (.text:USCI0RX_ISR)
                  0000d634    0000002c     rts430_eabi.lib : asr16.obj (.text)
                  0000d660    0000002c                     : lsl16.obj (.text)
                  0000d68c    00000024                     : fs_utof.obj (.text)
                  0000d6b0    00000022     LCD16x2.obj (.text:LCD_Goto)
                  0000d6d2    00000022     LCD16x2.obj (.text:config_switch_interup)
                  0000d6f4    0000001c     LCD16x2.obj (.text:LCD_Clear)
                  0000d710    0000001c     LCD16x2.obj (.text:LCD_Home)
                  0000d72c    0000001a     rts430_eabi.lib : boot_special.obj (.text:_c_int00_noargs_noexit)
                  0000d746    00000018     LCD16x2.obj (.text:LCD_PrintString)
                  0000d75e    00000016     UART_library.obj (.text:UART_Write_String)
                  0000d774    00000014     rts430_eabi.lib : copy_zero_init.obj (.text:decompress:ZI:__TI_zero_init)
                  0000d788    00000014                     : mult16.obj (.text)
                  0000d79c    00000012                     : copy_decompress_none.obj (.text:decompress:none:__TI_decompress_none)
                  0000d7ae    00000012                     : lsr32.obj (.text:l_lsr)
                  0000d7c0    00000012                     : memcpy.obj (.text:memcpy)
                  0000d7d2    00000010                     : asr32.obj (.text:l_asr)
                  0000d7e2    00000010                     : lsl32.obj (.text:l_lsl)
                  0000d7f2    00000010                     : epilog.obj (.text)
                  0000d802    0000000c     LCD16x2.obj (.text:LCD_Display)
                  0000d80e    0000000c     UART_library.obj (.text:UART_Write_Char)
                  0000d81a    0000000a     rts430_eabi.lib : fs_neg.obj (.text)
                  0000d824    00000008                     : isr_trap.obj (.text:_isr:__TI_ISR_TRAP)
                  0000d82c    00000006                     : exit.obj (.text:abort)
                  0000d832    00000004                     : pre_init.obj (.text:_system_pre_init)
                  0000d836    00000002                     : startup.obj (.text:_system_post_cinit)

.const     0    0000d838    00000098     
                  0000d838    0000005a     main.obj (.const:.string)
                  0000d892    0000003e     sim800l.obj (.const:.string)

.cinit     0    0000d8d0    00000020     
                  0000d8d0    0000000d     (.cinit..data.load) [load image]
                  0000d8dd    00000001     --HOLE-- [fill = 0]
                  0000d8de    00000006     (__TI_handler_table)
                  0000d8e4    00000004     (.cinit..bss.load) [load image, compression = zero_init]
                  0000d8e8    00000008     (__TI_cinit_table)

.init_array 
*          0    0000c000    00000000     UNINITIALIZED

TRAPINT    0    0000ffe0    00000002     
                  0000ffe0    00000002     rts430_eabi.lib : int00.obj (.int00)

$fill000   0    0000ffde    00000002     
                  0000ffde    00000002     --HOLE-- [fill = ffff]

PORT1      0    0000ffe4    00000002     
                  0000ffe4    00000002     main.obj (.int02)

PORT2      0    0000ffe6    00000002     
                  0000ffe6    00000002     rts430_eabi.lib : int03.obj (.int03)

ADC10      0    0000ffea    00000002     
                  0000ffea    00000002     rts430_eabi.lib : int05.obj (.int05)

USCIAB0TX 
*          0    0000ffec    00000002     
                  0000ffec    00000002     rts430_eabi.lib : int06.obj (.int06)

USCIAB0RX 
*          0    0000ffee    00000002     
                  0000ffee    00000002     UART_library.obj (.int07)

TIMER0_A1 
*          0    0000fff0    00000002     
                  0000fff0    00000002     rts430_eabi.lib : int08.obj (.int08)

TIMER0_A0 
*          0    0000fff2    00000002     
                  0000fff2    00000002     rts430_eabi.lib : int09.obj (.int09)

WDT        0    0000fff4    00000002     
                  0000fff4    00000002     rts430_eabi.lib : int10.obj (.int10)

COMPARATORA 
*          0    0000fff6    00000002     
                  0000fff6    00000002     rts430_eabi.lib : int11.obj (.int11)

TIMER1_A1 
*          0    0000fff8    00000002     
                  0000fff8    00000002     rts430_eabi.lib : int12.obj (.int12)

TIMER1_A0 
*          0    0000fffa    00000002     
                  0000fffa    00000002     rts430_eabi.lib : int13.obj (.int13)

NMI        0    0000fffc    00000002     
                  0000fffc    00000002     rts430_eabi.lib : int14.obj (.int14)

.reset     0    0000fffe    00000002     
                  0000fffe    00000002     rts430_eabi.lib : boot.obj (.reset)

MODULE SUMMARY

       Module                     code   ro data   rw data
       ------                     ----   -------   -------
    .\
       main.obj                   320    92        4      
    +--+--------------------------+------+---------+---------+
       Total:                     320    92        4      
                                                          
    .\library\
       LCD16x2.obj                1252   0         0      
       UART_library.obj           452    2         8      
       sim800l.obj                384    62        0      
       LM35_ADC.obj               162    0         1      
       clock.obj                  130    0         0      
    +--+--------------------------+------+---------+---------+
       Total:                     2380   64        9      
                                                          
    C:\ti\ccs730\ccsv7\tools\compiler\ti-cgt-msp430_16.9.4.LTS\lib\rts430_eabi.lib
       addd.obj                   744    0         0      
       frcaddd.obj                608    0         0      
       fs_add.obj                 306    0         0      
       fs_mpy.obj                 196    0         0      
       renormd.obj                190    0         0      
       copy_decompress_lzss.obj   124    0         0      
       fixdul.obj                 116    0         0      
       cvtfd.obj                  114    0         0      
       autoinit.obj               110    0         0      
       lsr32.obj                  110    0         0      
       cpy_tbl.obj                90     0         0      
       div32u.obj                 88     0         0      
       asr32.obj                  78     0         0      
       lsl32.obj                  78     0         0      
       fs_toul.obj                76     0         0      
       lsr16.obj                  76     0         0      
       fs_cmp.obj                 74     0         0      
       fs_ultof.obj               50     0         0      
       asr16.obj                  44     0         0      
       lsl16.obj                  44     0         0      
       fs_utof.obj                36     0         0      
       boot_special.obj           26     0         0      
       copy_zero_init.obj         20     0         0      
       mult16.obj                 20     0         0      
       copy_decompress_none.obj   18     0         0      
       memcpy.obj                 18     0         0      
       epilog.obj                 16     0         0      
       fs_neg.obj                 10     0         0      
       isr_trap.obj               8      0         0      
       exit.obj                   6      0         0      
       pre_init.obj               4      0         0      
       boot.obj                   0      2         0      
       int00.obj                  0      2         0      
       int03.obj                  0      2         0      
       int05.obj                  0      2         0      
       int06.obj                  0      2         0      
       int08.obj                  0      2         0      
       int09.obj                  0      2         0      
       int10.obj                  0      2         0      
       int11.obj                  0      2         0      
       int12.obj                  0      2         0      
       int13.obj                  0      2         0      
       int14.obj                  0      2         0      
       startup.obj                2      0         0      
    +--+--------------------------+------+---------+---------+
       Total:                     3500   24        0      
                                                          
       Stack:                     0      0         80     
       Linker Generated:          0      31        0      
    +--+--------------------------+------+---------+---------+
       Grand Total:               6200   211       93     


LINKER GENERATED COPY TABLES

__TI_cinit_table @ 0000d8e8 records: 2, size/record: 4, table size: 8
	.data: load addr=0000d8d0, load size=0000000d bytes, run addr=00000200, run size=00000009 bytes, compression=copy
	.bss: load addr=0000d8e4, load size=00000004 bytes, run addr=0000020a, run size=00000004 bytes, compression=zero_init


LINKER GENERATED HANDLER TABLE

__TI_handler_table @ 0000d8de records: 3, size/record: 2, table size: 6
	index: 0, handler: __TI_zero_init
	index: 1, handler: __TI_decompress_lzss
	index: 2, handler: __TI_decompress_none


GLOBAL SYMBOLS: SORTED ALPHABETICALLY BY Name 

address   name                    
-------   ----                    
0000004a  ADC10AE0                
000001b0  ADC10CTL0               
000001b2  ADC10CTL1               
00000048  ADC10DTC0               
00000049  ADC10DTC1               
000001b4  ADC10MEM                
000001bc  ADC10SA                 
0000d330  ADC10_read_temp         
00000204  BAUDRATE                
00000057  BCSCTL1                 
00000058  BCSCTL2                 
00000053  BCSCTL3                 
0000d82c  C$$EXIT                 
00000059  CACTL1                  
0000005a  CACTL2                  
000010fb  CALBC1_12MHZ            
000010f9  CALBC1_16MHZ            
000010ff  CALBC1_1MHZ             
000010fd  CALBC1_8MHZ             
000010fa  CALDCO_12MHZ            
000010f8  CALDCO_16MHZ            
000010fe  CALDCO_1MHZ             
000010fc  CALDCO_8MHZ             
0000005b  CAPD                    
00000056  DCOCTL                  
00000128  FCTL1                   
0000012a  FCTL2                   
0000012c  FCTL3                   
00000000  IE1                     
00000001  IE2                     
00000002  IFG1                    
00000003  IFG2                    
0000d6f4  LCD_Clear               
0000cdc2  LCD_Command             
0000d59c  LCD_CursorShift         
0000d802  LCD_Display             
0000d6b0  LCD_Goto                
0000d710  LCD_Home                
0000d234  LCD_Init_write          
0000c548  LCD_PrintFloat          
0000d746  LCD_PrintString         
00000022  P1DIR                   
00000025  P1IE                    
00000024  P1IES                   
00000023  P1IFG                   
00000020  P1IN                    
00000021  P1OUT                   
00000027  P1REN                   
00000026  P1SEL                   
00000041  P1SEL2                  
0000002a  P2DIR                   
0000002d  P2IE                    
0000002c  P2IES                   
0000002b  P2IFG                   
00000028  P2IN                    
00000029  P2OUT                   
0000002f  P2REN                   
0000002e  P2SEL                   
00000042  P2SEL2                  
0000001a  P3DIR                   
00000018  P3IN                    
00000019  P3OUT                   
00000010  P3REN                   
0000001b  P3SEL                   
00000043  P3SEL2                  
00000200  SMCLK_F                 
0000d562  Sim800l_Call            
0000cc7c  Sim800l_Init            
0000cd24  Sim800l_Sms             
00000172  TA0CCR0                 
00000174  TA0CCR1                 
00000176  TA0CCR2                 
00000162  TA0CCTL0                
00000164  TA0CCTL1                
00000166  TA0CCTL2                
00000160  TA0CTL                  
0000012e  TA0IV                   
00000170  TA0R                    
00000192  TA1CCR0                 
00000194  TA1CCR1                 
00000196  TA1CCR2                 
00000182  TA1CCTL0                
00000184  TA1CCTL1                
00000186  TA1CCTL2                
00000180  TA1CTL                  
0000011e  TA1IV                   
00000190  TA1R                    
000010db  TLV_ADC10_1_LEN         
000010da  TLV_ADC10_1_TAG         
000010c0  TLV_CHECKSUM            
000010f7  TLV_DCO_30_LEN          
000010f6  TLV_DCO_30_TAG          
0000d460  UART_Init               
0000d80e  UART_Write_Char         
0000cbd0  UART_Write_Float        
0000ced6  UART_Write_Int          
0000d75e  UART_Write_String       
0000005d  UCA0ABCTL               
00000062  UCA0BR0                 
00000063  UCA0BR1                 
00000060  UCA0CTL0                
00000061  UCA0CTL1                
0000005f  UCA0IRRCTL              
0000005e  UCA0IRTCTL              
00000064  UCA0MCTL                
00000066  UCA0RXBUF               
00000065  UCA0STAT                
00000067  UCA0TXBUF               
0000006a  UCB0BR0                 
0000006b  UCB0BR1                 
00000068  UCB0CTL0                
00000069  UCB0CTL1                
0000006c  UCB0I2CIE               
00000118  UCB0I2COA               
0000011a  UCB0I2CSA               
0000006e  UCB0RXBUF               
0000006d  UCB0STAT                
0000006f  UCB0TXBUF               
0000d606  USCI0RX_ISR             
00000120  WDTCTL                  
00000400  __STACK_END             
00000050  __STACK_SIZE            
UNDEFED   __TI_BINIT_Base         
UNDEFED   __TI_BINIT_Limit        
0000d8e8  __TI_CINIT_Base         
0000d8f0  __TI_CINIT_Limit        
0000d8de  __TI_Handler_Table_Base 
0000d8e4  __TI_Handler_Table_Limit
UNDEFED   __TI_INITARRAY_Base     
UNDEFED   __TI_INITARRAY_Limit    
0000d824  __TI_ISR_TRAP           
0000cf56  __TI_decompress_lzss    
0000d79c  __TI_decompress_none    
0000c2e8  __TI_frcaddd            
0000ffe0  __TI_int00              
0000ffe4  __TI_int02              
0000ffe6  __TI_int03              
0000ffea  __TI_int05              
0000ffec  __TI_int06              
0000ffee  __TI_int07              
0000fff0  __TI_int08              
0000fff2  __TI_int09              
0000fff4  __TI_int10              
0000fff6  __TI_int11              
0000fff8  __TI_int12              
0000fffa  __TI_int13              
0000fffc  __TI_int14              
ffffffff  __TI_pprof_out_hndl     
ffffffff  __TI_prof_data_size     
ffffffff  __TI_prof_data_start    
0000ca60  __TI_renormd            
0000d774  __TI_zero_init          
ffffffff  __c_args__              
0000c000  __mspabi_addd           
0000c6a6  __mspabi_addf           
0000d416  __mspabi_cmpf           
0000d046  __mspabi_cvtfd          
0000d1dc  __mspabi_divul          
0000cfd2  __mspabi_fixdul         
0000d37e  __mspabi_fixful         
0000d68c  __mspabi_fltuf          
0000d5d4  __mspabi_fltulf         
0000d7fe  __mspabi_func_epilog_1  
0000d7fc  __mspabi_func_epilog_2  
0000d7fa  __mspabi_func_epilog_3  
0000d7f8  __mspabi_func_epilog_4  
0000d7f6  __mspabi_func_epilog_5  
0000d7f4  __mspabi_func_epilog_6  
0000d7f2  __mspabi_func_epilog_7  
0000c99c  __mspabi_mpyf           
0000d788  __mspabi_mpyi           
0000d788  __mspabi_mpyi_sw        
0000d81a  __mspabi_negf           
0000d1dc  __mspabi_remul          
0000d660  __mspabi_slli           
0000d688  __mspabi_slli_1         
0000d676  __mspabi_slli_10        
0000d674  __mspabi_slli_11        
0000d672  __mspabi_slli_12        
0000d670  __mspabi_slli_13        
0000d66e  __mspabi_slli_14        
0000d66c  __mspabi_slli_15        
0000d686  __mspabi_slli_2         
0000d684  __mspabi_slli_3         
0000d682  __mspabi_slli_4         
0000d680  __mspabi_slli_5         
0000d67e  __mspabi_slli_6         
0000d67c  __mspabi_slli_7         
0000d67a  __mspabi_slli_8         
0000d678  __mspabi_slli_9         
0000d7e2  __mspabi_slll           
0000d55c  __mspabi_slll_1         
0000d538  __mspabi_slll_10        
0000d534  __mspabi_slll_11        
0000d530  __mspabi_slll_12        
0000d52c  __mspabi_slll_13        
0000d528  __mspabi_slll_14        
0000d524  __mspabi_slll_15        
0000d558  __mspabi_slll_2         
0000d554  __mspabi_slll_3         
0000d550  __mspabi_slll_4         
0000d54c  __mspabi_slll_5         
0000d548  __mspabi_slll_6         
0000d544  __mspabi_slll_7         
0000d540  __mspabi_slll_8         
0000d53c  __mspabi_slll_9         
0000d634  __mspabi_srai           
0000d65c  __mspabi_srai_1         
0000d64a  __mspabi_srai_10        
0000d648  __mspabi_srai_11        
0000d646  __mspabi_srai_12        
0000d644  __mspabi_srai_13        
0000d642  __mspabi_srai_14        
0000d640  __mspabi_srai_15        
0000d65a  __mspabi_srai_2         
0000d658  __mspabi_srai_3         
0000d656  __mspabi_srai_4         
0000d654  __mspabi_srai_5         
0000d652  __mspabi_srai_6         
0000d650  __mspabi_srai_7         
0000d64e  __mspabi_srai_8         
0000d64c  __mspabi_srai_9         
0000d7d2  __mspabi_sral           
0000d51e  __mspabi_sral_1         
0000d4fa  __mspabi_sral_10        
0000d4f6  __mspabi_sral_11        
0000d4f2  __mspabi_sral_12        
0000d4ee  __mspabi_sral_13        
0000d4ea  __mspabi_sral_14        
0000d4e6  __mspabi_sral_15        
0000d51a  __mspabi_sral_2         
0000d516  __mspabi_sral_3         
0000d512  __mspabi_sral_4         
0000d50e  __mspabi_sral_5         
0000d50a  __mspabi_sral_6         
0000d506  __mspabi_sral_7         
0000d502  __mspabi_sral_8         
0000d4fe  __mspabi_sral_9         
0000d3ca  __mspabi_srli           
0000d410  __mspabi_srli_1         
0000d3ec  __mspabi_srli_10        
0000d3e8  __mspabi_srli_11        
0000d3e4  __mspabi_srli_12        
0000d3e0  __mspabi_srli_13        
0000d3dc  __mspabi_srli_14        
0000d3d8  __mspabi_srli_15        
0000d40c  __mspabi_srli_2         
0000d408  __mspabi_srli_3         
0000d404  __mspabi_srli_4         
0000d400  __mspabi_srli_5         
0000d3fc  __mspabi_srli_6         
0000d3f8  __mspabi_srli_7         
0000d3f4  __mspabi_srli_8         
0000d3f0  __mspabi_srli_9         
0000d7ae  __mspabi_srll           
0000d17a  __mspabi_srll_1         
0000d144  __mspabi_srll_10        
0000d13e  __mspabi_srll_11        
0000d138  __mspabi_srll_12        
0000d132  __mspabi_srll_13        
0000d12c  __mspabi_srll_14        
0000d126  __mspabi_srll_15        
0000d174  __mspabi_srll_2         
0000d16e  __mspabi_srll_3         
0000d168  __mspabi_srll_4         
0000d162  __mspabi_srll_5         
0000d15c  __mspabi_srll_6         
0000d156  __mspabi_srll_7         
0000d150  __mspabi_srll_8         
0000d14a  __mspabi_srll_9         
0000c6a0  __mspabi_subf           
0000d0b8  _auto_init              
0000d72c  _c_int00_noargs_noexit  
0000fffe  _reset_vector           
000003b0  _stack                  
0000d836  _system_post_cinit      
0000d832  _system_pre_init        
0000d82c  abort                   
0000d28a  config_ADC10            
0000cb1e  config_LCD              
0000d2de  config_LED              
0000ce54  config_clock_MHz        
0000d6d2  config_switch_interup   
0000d182  copy_in                 
0000c8d4  dao_data                
0000d4a8  interrup                
0000c7d2  main                    
0000d7c0  memcpy                  
0000020a  temp                    


GLOBAL SYMBOLS: SORTED BY Symbol Address 

address   name                    
-------   ----                    
00000000  IE1                     
00000001  IE2                     
00000002  IFG1                    
00000003  IFG2                    
00000010  P3REN                   
00000018  P3IN                    
00000019  P3OUT                   
0000001a  P3DIR                   
0000001b  P3SEL                   
00000020  P1IN                    
00000021  P1OUT                   
00000022  P1DIR                   
00000023  P1IFG                   
00000024  P1IES                   
00000025  P1IE                    
00000026  P1SEL                   
00000027  P1REN                   
00000028  P2IN                    
00000029  P2OUT                   
0000002a  P2DIR                   
0000002b  P2IFG                   
0000002c  P2IES                   
0000002d  P2IE                    
0000002e  P2SEL                   
0000002f  P2REN                   
00000041  P1SEL2                  
00000042  P2SEL2                  
00000043  P3SEL2                  
00000048  ADC10DTC0               
00000049  ADC10DTC1               
0000004a  ADC10AE0                
00000050  __STACK_SIZE            
00000053  BCSCTL3                 
00000056  DCOCTL                  
00000057  BCSCTL1                 
00000058  BCSCTL2                 
00000059  CACTL1                  
0000005a  CACTL2                  
0000005b  CAPD                    
0000005d  UCA0ABCTL               
0000005e  UCA0IRTCTL              
0000005f  UCA0IRRCTL              
00000060  UCA0CTL0                
00000061  UCA0CTL1                
00000062  UCA0BR0                 
00000063  UCA0BR1                 
00000064  UCA0MCTL                
00000065  UCA0STAT                
00000066  UCA0RXBUF               
00000067  UCA0TXBUF               
00000068  UCB0CTL0                
00000069  UCB0CTL1                
0000006a  UCB0BR0                 
0000006b  UCB0BR1                 
0000006c  UCB0I2CIE               
0000006d  UCB0STAT                
0000006e  UCB0RXBUF               
0000006f  UCB0TXBUF               
00000118  UCB0I2COA               
0000011a  UCB0I2CSA               
0000011e  TA1IV                   
00000120  WDTCTL                  
00000128  FCTL1                   
0000012a  FCTL2                   
0000012c  FCTL3                   
0000012e  TA0IV                   
00000160  TA0CTL                  
00000162  TA0CCTL0                
00000164  TA0CCTL1                
00000166  TA0CCTL2                
00000170  TA0R                    
00000172  TA0CCR0                 
00000174  TA0CCR1                 
00000176  TA0CCR2                 
00000180  TA1CTL                  
00000182  TA1CCTL0                
00000184  TA1CCTL1                
00000186  TA1CCTL2                
00000190  TA1R                    
00000192  TA1CCR0                 
00000194  TA1CCR1                 
00000196  TA1CCR2                 
000001b0  ADC10CTL0               
000001b2  ADC10CTL1               
000001b4  ADC10MEM                
000001bc  ADC10SA                 
00000200  SMCLK_F                 
00000204  BAUDRATE                
0000020a  temp                    
000003b0  _stack                  
00000400  __STACK_END             
000010c0  TLV_CHECKSUM            
000010da  TLV_ADC10_1_TAG         
000010db  TLV_ADC10_1_LEN         
000010f6  TLV_DCO_30_TAG          
000010f7  TLV_DCO_30_LEN          
000010f8  CALDCO_16MHZ            
000010f9  CALBC1_16MHZ            
000010fa  CALDCO_12MHZ            
000010fb  CALBC1_12MHZ            
000010fc  CALDCO_8MHZ             
000010fd  CALBC1_8MHZ             
000010fe  CALDCO_1MHZ             
000010ff  CALBC1_1MHZ             
0000c000  __mspabi_addd           
0000c2e8  __TI_frcaddd            
0000c548  LCD_PrintFloat          
0000c6a0  __mspabi_subf           
0000c6a6  __mspabi_addf           
0000c7d2  main                    
0000c8d4  dao_data                
0000c99c  __mspabi_mpyf           
0000ca60  __TI_renormd            
0000cb1e  config_LCD              
0000cbd0  UART_Write_Float        
0000cc7c  Sim800l_Init            
0000cd24  Sim800l_Sms             
0000cdc2  LCD_Command             
0000ce54  config_clock_MHz        
0000ced6  UART_Write_Int          
0000cf56  __TI_decompress_lzss    
0000cfd2  __mspabi_fixdul         
0000d046  __mspabi_cvtfd          
0000d0b8  _auto_init              
0000d126  __mspabi_srll_15        
0000d12c  __mspabi_srll_14        
0000d132  __mspabi_srll_13        
0000d138  __mspabi_srll_12        
0000d13e  __mspabi_srll_11        
0000d144  __mspabi_srll_10        
0000d14a  __mspabi_srll_9         
0000d150  __mspabi_srll_8         
0000d156  __mspabi_srll_7         
0000d15c  __mspabi_srll_6         
0000d162  __mspabi_srll_5         
0000d168  __mspabi_srll_4         
0000d16e  __mspabi_srll_3         
0000d174  __mspabi_srll_2         
0000d17a  __mspabi_srll_1         
0000d182  copy_in                 
0000d1dc  __mspabi_divul          
0000d1dc  __mspabi_remul          
0000d234  LCD_Init_write          
0000d28a  config_ADC10            
0000d2de  config_LED              
0000d330  ADC10_read_temp         
0000d37e  __mspabi_fixful         
0000d3ca  __mspabi_srli           
0000d3d8  __mspabi_srli_15        
0000d3dc  __mspabi_srli_14        
0000d3e0  __mspabi_srli_13        
0000d3e4  __mspabi_srli_12        
0000d3e8  __mspabi_srli_11        
0000d3ec  __mspabi_srli_10        
0000d3f0  __mspabi_srli_9         
0000d3f4  __mspabi_srli_8         
0000d3f8  __mspabi_srli_7         
0000d3fc  __mspabi_srli_6         
0000d400  __mspabi_srli_5         
0000d404  __mspabi_srli_4         
0000d408  __mspabi_srli_3         
0000d40c  __mspabi_srli_2         
0000d410  __mspabi_srli_1         
0000d416  __mspabi_cmpf           
0000d460  UART_Init               
0000d4a8  interrup                
0000d4e6  __mspabi_sral_15        
0000d4ea  __mspabi_sral_14        
0000d4ee  __mspabi_sral_13        
0000d4f2  __mspabi_sral_12        
0000d4f6  __mspabi_sral_11        
0000d4fa  __mspabi_sral_10        
0000d4fe  __mspabi_sral_9         
0000d502  __mspabi_sral_8         
0000d506  __mspabi_sral_7         
0000d50a  __mspabi_sral_6         
0000d50e  __mspabi_sral_5         
0000d512  __mspabi_sral_4         
0000d516  __mspabi_sral_3         
0000d51a  __mspabi_sral_2         
0000d51e  __mspabi_sral_1         
0000d524  __mspabi_slll_15        
0000d528  __mspabi_slll_14        
0000d52c  __mspabi_slll_13        
0000d530  __mspabi_slll_12        
0000d534  __mspabi_slll_11        
0000d538  __mspabi_slll_10        
0000d53c  __mspabi_slll_9         
0000d540  __mspabi_slll_8         
0000d544  __mspabi_slll_7         
0000d548  __mspabi_slll_6         
0000d54c  __mspabi_slll_5         
0000d550  __mspabi_slll_4         
0000d554  __mspabi_slll_3         
0000d558  __mspabi_slll_2         
0000d55c  __mspabi_slll_1         
0000d562  Sim800l_Call            
0000d59c  LCD_CursorShift         
0000d5d4  __mspabi_fltulf         
0000d606  USCI0RX_ISR             
0000d634  __mspabi_srai           
0000d640  __mspabi_srai_15        
0000d642  __mspabi_srai_14        
0000d644  __mspabi_srai_13        
0000d646  __mspabi_srai_12        
0000d648  __mspabi_srai_11        
0000d64a  __mspabi_srai_10        
0000d64c  __mspabi_srai_9         
0000d64e  __mspabi_srai_8         
0000d650  __mspabi_srai_7         
0000d652  __mspabi_srai_6         
0000d654  __mspabi_srai_5         
0000d656  __mspabi_srai_4         
0000d658  __mspabi_srai_3         
0000d65a  __mspabi_srai_2         
0000d65c  __mspabi_srai_1         
0000d660  __mspabi_slli           
0000d66c  __mspabi_slli_15        
0000d66e  __mspabi_slli_14        
0000d670  __mspabi_slli_13        
0000d672  __mspabi_slli_12        
0000d674  __mspabi_slli_11        
0000d676  __mspabi_slli_10        
0000d678  __mspabi_slli_9         
0000d67a  __mspabi_slli_8         
0000d67c  __mspabi_slli_7         
0000d67e  __mspabi_slli_6         
0000d680  __mspabi_slli_5         
0000d682  __mspabi_slli_4         
0000d684  __mspabi_slli_3         
0000d686  __mspabi_slli_2         
0000d688  __mspabi_slli_1         
0000d68c  __mspabi_fltuf          
0000d6b0  LCD_Goto                
0000d6d2  config_switch_interup   
0000d6f4  LCD_Clear               
0000d710  LCD_Home                
0000d72c  _c_int00_noargs_noexit  
0000d746  LCD_PrintString         
0000d75e  UART_Write_String       
0000d774  __TI_zero_init          
0000d788  __mspabi_mpyi           
0000d788  __mspabi_mpyi_sw        
0000d79c  __TI_decompress_none    
0000d7ae  __mspabi_srll           
0000d7c0  memcpy                  
0000d7d2  __mspabi_sral           
0000d7e2  __mspabi_slll           
0000d7f2  __mspabi_func_epilog_7  
0000d7f4  __mspabi_func_epilog_6  
0000d7f6  __mspabi_func_epilog_5  
0000d7f8  __mspabi_func_epilog_4  
0000d7fa  __mspabi_func_epilog_3  
0000d7fc  __mspabi_func_epilog_2  
0000d7fe  __mspabi_func_epilog_1  
0000d802  LCD_Display             
0000d80e  UART_Write_Char         
0000d81a  __mspabi_negf           
0000d824  __TI_ISR_TRAP           
0000d82c  C$$EXIT                 
0000d82c  abort                   
0000d832  _system_pre_init        
0000d836  _system_post_cinit      
0000d8de  __TI_Handler_Table_Base 
0000d8e4  __TI_Handler_Table_Limit
0000d8e8  __TI_CINIT_Base         
0000d8f0  __TI_CINIT_Limit        
0000ffe0  __TI_int00              
0000ffe4  __TI_int02              
0000ffe6  __TI_int03              
0000ffea  __TI_int05              
0000ffec  __TI_int06              
0000ffee  __TI_int07              
0000fff0  __TI_int08              
0000fff2  __TI_int09              
0000fff4  __TI_int10              
0000fff6  __TI_int11              
0000fff8  __TI_int12              
0000fffa  __TI_int13              
0000fffc  __TI_int14              
0000fffe  _reset_vector           
ffffffff  __TI_pprof_out_hndl     
ffffffff  __TI_prof_data_size     
ffffffff  __TI_prof_data_start    
ffffffff  __c_args__              
UNDEFED   __TI_BINIT_Base         
UNDEFED   __TI_BINIT_Limit        
UNDEFED   __TI_INITARRAY_Base     
UNDEFED   __TI_INITARRAY_Limit    

[289 symbols]
