******************************************************************************
                  MSP430 Linker PC v4.1.1                      
******************************************************************************
>> Linked Thu Aug 07 20:26:11 2014

OUTPUT FILE NAME:   <MSP430_MPU6050.out>
ENTRY POINT SYMBOL: "_c_int00"  address: 0000ced4


MEMORY CONFIGURATION

         name            origin    length      used     unused   attr    fill
----------------------  --------  ---------  --------  --------  ----  --------
  SFR                   00000000   00000010  00000000  00000010  RWIX
  PERIPHERALS_8BIT      00000010   000000f0  00000000  000000f0  RWIX
  PERIPHERALS_16BIT     00000100   00000100  00000000  00000100  RWIX
  RAM                   00000200   00000200  00000158  000000a8  RWIX
  INFOD                 00001000   00000040  00000000  00000040  RWIX
  INFOC                 00001040   00000040  00000000  00000040  RWIX
  INFOB                 00001080   00000040  00000000  00000040  RWIX
  INFOA                 000010c0   00000040  00000000  00000040  RWIX
  FLASH                 0000c000   00003fe0  00001064  00002f7c  RWIX
  INT00                 0000ffe0   00000002  00000000  00000002  RWIX
  INT01                 0000ffe2   00000002  00000000  00000002  RWIX
  INT02                 0000ffe4   00000002  00000000  00000002  RWIX
  INT03                 0000ffe6   00000002  00000000  00000002  RWIX
  INT04                 0000ffe8   00000002  00000000  00000002  RWIX
  INT05                 0000ffea   00000002  00000000  00000002  RWIX
  INT06                 0000ffec   00000002  00000000  00000002  RWIX
  INT07                 0000ffee   00000002  00000002  00000000  RWIX
  INT08                 0000fff0   00000002  00000000  00000002  RWIX
  INT09                 0000fff2   00000002  00000002  00000000  RWIX
  INT10                 0000fff4   00000002  00000000  00000002  RWIX
  INT11                 0000fff6   00000002  00000000  00000002  RWIX
  INT12                 0000fff8   00000002  00000000  00000002  RWIX
  INT13                 0000fffa   00000002  00000000  00000002  RWIX
  INT14                 0000fffc   00000002  00000000  00000002  RWIX
  RESET                 0000fffe   00000002  00000002  00000000  RWIX


SECTION ALLOCATION MAP

 output                                  attributes/
section   page    origin      length       input sections
--------  ----  ----------  ----------   ----------------
.init_array 
*          0    0000c000    00000000     UNINITIALIZED

.bss       0    00000200    000000a2     UNINITIALIZED
                  00000200    000000a2     main.obj (.bss)

.TI.noinit 
*          0    00000200    00000000     UNINITIALIZED

.data      0    000002a2    00000066     
                  000002a2    00000066     main.obj (.data)

.TI.persistent 
*          0    000002a2    00000000     UNINITIALIZED

.stack     0    000003b0    00000050     UNINITIALIZED
                  000003b0    00000002     rts430_eabi.lib : boot.obj (.stack)
                  000003b2    0000004e     --HOLE--

.text      0    0000c000    00000ff4     
                  0000c000    000002c8     main.obj (.text:Setup_MPU6050)
                  0000c2c8    00000152     main.obj (.text:main)
                  0000c41a    0000012e     main.obj (.text:Filters_Accel)
                  0000c548    0000012e     main.obj (.text:Filters_Gyro)
                  0000c676    00000116     rts430_eabi.lib : _printfi_min.obj (.text:_setfield)
                  0000c78c    00000114     main.obj (.text:Select_Clock)
                  0000c8a0    000000ca     rts430_eabi.lib : _printfi_min.obj (.text:_printfi_minimal)
                  0000c96a    00000092     main.obj (.text:WordRead_I2C_USCI)
                  0000c9fc    0000005e     rts430_eabi.lib : copy_decompress_rle.obj (.text:__TI_decompress_rle_core)
                  0000ca5a    0000005e                     : autoinit.obj (.text:_auto_init)
                  0000cab8    00000058                     : div32u.obj (.text)
                  0000cb10    00000056     main.obj (.text:ByteWrite_I2C_USCI)
                  0000cb66    00000056     main.obj (.text:Get_Gyro_Values)
                  0000cbbc    00000056     rts430_eabi.lib : _printfi_min.obj (.text:_ltostr)
                  0000cc12    0000004e                     : _printfi_min.obj (.text:_pproc_diouxp)
                  0000cc60    0000004c                     : lsr16.obj (.text)
                  0000ccac    0000004a     main.obj (.text:Get_Accel_Values)
                  0000ccf6    00000046     rts430_eabi.lib : _printfi_min.obj (.text:_pproc_str)
                  0000cd3c    00000040                     : div32s.obj (.text)
                  0000cd7c    0000003a     main.obj (.text:UART_Write_String)
                  0000cdb6    00000038     rts430_eabi.lib : sprintf.obj (.text:sprintf)
                  0000cdee    00000034     main.obj (.text:UART_Init)
                  0000ce22    00000032     main.obj (.text:Init_I2C_USCI)
                  0000ce54    0000002e     rts430_eabi.lib : _printfi_min.obj (.text:_getarg_diouxp)
                  0000ce82    0000002a     main.obj (.text:_delay_ms)
                  0000ceac    00000028     rts430_eabi.lib : memccpy.obj (.text:memccpy)
                  0000ced4    0000001a                     : boot.obj (.text:_c_int00_noexit)
                  0000ceee    0000001a                     : sprintf.obj (.text:_outs)
                  0000cf08    00000018                     : _printfi_min.obj (.text:_div)
                  0000cf20    00000016                     : div16u.obj (.text)
                  0000cf36    00000014                     : copy_zero_init.obj (.text:decompress:ZI:__TI_zero_init)
                  0000cf4a    00000014                     : memset.obj (.text:memset)
                  0000cf5e    00000014                     : mult16.obj (.text)
                  0000cf72    00000012                     : sprintf.obj (.text:_outc)
                  0000cf84    00000012                     : copy_decompress_none.obj (.text:decompress:none:__TI_decompress_none)
                  0000cf96    00000012                     : memcpy.obj (.text:memcpy)
                  0000cfa8    00000012                     : strlen.obj (.text:strlen)
                  0000cfba    00000010                     : epilog.obj (.text)
                  0000cfca    0000000e     main.obj (.text:USCI0RX_ISR)
                  0000cfd8    0000000c     main.obj (.text:UART_Write_Char)
                  0000cfe4    00000006     rts430_eabi.lib : copy_decompress_rle.obj (.text:decompress:rle24:__TI_decompress_rle24)
                  0000cfea    00000004                     : pre_init.obj (.text:_system_pre_init)
                  0000cfee    00000004                     : exit.obj (.text:abort)
                  0000cff2    00000002     main.obj (.text:Timer_A0)

.const     0    0000cff4    00000046     
                  0000cff4    00000032     main.obj (.const:.string)
                  0000d026    00000014     rts430_eabi.lib : _printfi_min.obj (.const:.string)

.cinit     0    0000d03a    0000002a     
                  0000d03a    00000017     (.cinit..data.load) [load image, compression = rle]
                  0000d051    00000001     --HOLE-- [fill = 0]
                  0000d052    00000006     (__TI_handler_table)
                  0000d058    00000004     (.cinit..bss.load) [load image, compression = zero_init]
                  0000d05c    00000008     (__TI_cinit_table)

USCIAB0RX 
*          0    0000ffee    00000002     
                  0000ffee    00000002     main.obj (.int07)

TIMER0_A0 
*          0    0000fff2    00000002     
                  0000fff2    00000002     main.obj (.int09)

.reset     0    0000fffe    00000002     
                  0000fffe    00000002     rts430_eabi.lib : boot.obj (.reset)


LINKER GENERATED COPY TABLES

__TI_cinit_table @ 0000d05c records: 2, size/record: 4, table size: 8
	.data: load addr=0000d03a, load size=00000017 bytes, run addr=000002a2, run size=00000066 bytes, compression=rle
	.bss: load addr=0000d058, load size=00000004 bytes, run addr=00000200, run size=000000a2 bytes, compression=zero_init


LINKER GENERATED HANDLER TABLE

__TI_handler_table @ 0000d052 records: 3, size/record: 2, table size: 6
	index: 0, handler: __TI_zero_init
	index: 1, handler: __TI_decompress_rle24
	index: 2, handler: __TI_decompress_none


GLOBAL SYMBOLS: SORTED ALPHABETICALLY BY Name 

address    name
--------   ----
000002cc   ACCEL_XA
000002de   ACCEL_XANGLE
000002d8   ACCEL_XDECAC
00000230   ACCEL_XFilter
000002c0   ACCEL_XOUT
000002c6   ACCEL_XOUT_PAST
000002d2   ACCEL_XV
000002ce   ACCEL_YA
000002e2   ACCEL_YANGLE
000002da   ACCEL_YDECAC
00000240   ACCEL_YFilter
000002c2   ACCEL_YOUT
000002c8   ACCEL_YOUT_PAST
000002d4   ACCEL_YV
000002d0   ACCEL_ZA
000002e6   ACCEL_ZANGLE
000002dc   ACCEL_ZDECAC
00000250   ACCEL_ZFilter
000002c4   ACCEL_ZOUT
000002ca   ACCEL_ZOUT_PAST
000002d6   ACCEL_ZV
0000004a   ADC10AE0
000001b0   ADC10CTL0
000001b2   ADC10CTL1
00000048   ADC10DTC0
00000049   ADC10DTC1
000001b4   ADC10MEM
000001bc   ADC10SA
00000057   BCSCTL1
00000058   BCSCTL2
00000053   BCSCTL3
0000cb10   ByteWrite_I2C_USCI
0000cfee   C$$EXIT
00000059   CACTL1
0000005a   CACTL2
000010fb   CALBC1_12MHZ
000010f9   CALBC1_16MHZ
000010ff   CALBC1_1MHZ
000010fd   CALBC1_8MHZ
000010fa   CALDCO_12MHZ
000010f8   CALDCO_16MHZ
000010fe   CALDCO_1MHZ
000010fc   CALDCO_8MHZ
0000005b   CAPD
00000056   DCOCTL
000002ea   Decac_X0
000002ee   Decac_X1
000002f2   Decac_Y0
000002f6   Decac_Y1
000002fa   Decac_Z0
000002fe   Decac_Z1
00000128   FCTL1
0000012a   FCTL2
0000012c   FCTL3
0000c41a   Filters_Accel
0000c548   Filters_Gyro
000002b6   GYRO_XANGLE
00000200   GYRO_XFilter
000002a4   GYRO_XOUT
000002aa   GYRO_XOUT_OFFSET
000002b0   GYRO_XRATE
000002b8   GYRO_YANGLE
00000210   GYRO_YFilter
000002a6   GYRO_YOUT
000002ac   GYRO_YOUT_OFFSET
000002b2   GYRO_YRATE
000002ba   GYRO_ZANGLE
00000220   GYRO_ZFilter
000002a8   GYRO_ZOUT
000002ae   GYRO_ZOUT_OFFSET
000002b4   GYRO_ZRATE
00000260   G_Filter
0000ccac   Get_Accel_Values
0000cb66   Get_Gyro_Values
00000000   IE1
00000001   IE2
00000002   IFG1
00000003   IFG2
0000ce22   Init_I2C_USCI
00000022   P1DIR
00000025   P1IE
00000024   P1IES
00000023   P1IFG
00000020   P1IN
00000021   P1OUT
00000027   P1REN
00000026   P1SEL
00000041   P1SEL2
0000002a   P2DIR
0000002d   P2IE
0000002c   P2IES
0000002b   P2IFG
00000028   P2IN
00000029   P2OUT
0000002f   P2REN
0000002e   P2SEL
00000042   P2SEL2
0000001a   P3DIR
00000018   P3IN
00000019   P3OUT
00000010   P3REN
0000001b   P3SEL
00000043   P3SEL2
0000c78c   Select_Clock
0000c000   Setup_MPU6050
00000172   TA0CCR0
00000174   TA0CCR1
00000176   TA0CCR2
00000162   TA0CCTL0
00000164   TA0CCTL1
00000166   TA0CCTL2
00000160   TA0CTL
0000012e   TA0IV
00000170   TA0R
00000192   TA1CCR0
00000194   TA1CCR1
00000196   TA1CCR2
00000182   TA1CCTL0
00000184   TA1CCTL1
00000186   TA1CCTL2
00000180   TA1CTL
0000011e   TA1IV
00000190   TA1R
000002a2   TEMP_OUT
0000cff2   Timer_A0
0000cdee   UART_Init
0000cfd8   UART_Write_Char
0000cd7c   UART_Write_String
0000005d   UCA0ABCTL
00000062   UCA0BR0
00000063   UCA0BR1
00000060   UCA0CTL0
00000061   UCA0CTL1
0000005f   UCA0IRRCTL
0000005e   UCA0IRTCTL
00000064   UCA0MCTL
00000066   UCA0RXBUF
00000065   UCA0STAT
00000067   UCA0TXBUF
0000006a   UCB0BR0
0000006b   UCB0BR1
00000068   UCB0CTL0
00000069   UCB0CTL1
0000006c   UCB0I2CIE
00000118   UCB0I2COA
0000011a   UCB0I2CSA
0000006e   UCB0RXBUF
0000006d   UCB0STAT
0000006f   UCB0TXBUF
0000cfca   USCI0RX_ISR
00000120   WDTCTL
0000c96a   WordRead_I2C_USCI
00000400   __STACK_END
00000050   __STACK_SIZE
0000d05c   __TI_CINIT_Base
0000d064   __TI_CINIT_Limit
0000d052   __TI_Handler_Table_Base
0000d058   __TI_Handler_Table_Limit
UNDEFED    __TI_INITARRAY_Base
UNDEFED    __TI_INITARRAY_Limit
00000001   __TI_args_main
0000cf84   __TI_decompress_none
0000cfe4   __TI_decompress_rle24
00000001   __TI_exit
0000cf36   __TI_zero_init
ffffffff   __binit__
ffffffff   __c_args__
0000cd3c   __mspabi_divli
0000cf20   __mspabi_divu
0000cab8   __mspabi_divul
0000cfc6   __mspabi_func_epilog_1
0000cfc4   __mspabi_func_epilog_2
0000cfc2   __mspabi_func_epilog_3
0000cfc0   __mspabi_func_epilog_4
0000cfbe   __mspabi_func_epilog_5
0000cfbc   __mspabi_func_epilog_6
0000cfba   __mspabi_func_epilog_7
0000cf5e   __mspabi_mpyi
0000cd3c   __mspabi_remli
0000cf20   __mspabi_remu
0000cab8   __mspabi_remul
0000cc60   __mspabi_srli
0000cca6   __mspabi_srli_1
0000cc82   __mspabi_srli_10
0000cc7e   __mspabi_srli_11
0000cc7a   __mspabi_srli_12
0000cc76   __mspabi_srli_13
0000cc72   __mspabi_srli_14
0000cc6e   __mspabi_srli_15
0000cca2   __mspabi_srli_2
0000cc9e   __mspabi_srli_3
0000cc9a   __mspabi_srli_4
0000cc96   __mspabi_srli_5
0000cc92   __mspabi_srli_6
0000cc8e   __mspabi_srli_7
0000cc8a   __mspabi_srli_8
0000cc86   __mspabi_srli_9
0000ca5a   _auto_init
0000ced4   _c_int00
0000ced4   _c_int00_noexit
0000ce82   _delay_ms
0000c8a0   _printfi_minimal
0000fffe   _reset_vector
000003b0   _stack
0000cfea   _system_pre_init
00000306   abc
0000cfee   abort
ffffffff   binit
00000270   buff
000002be   dt
000002bc   gyro_ratio
00000304   i
0000c2c8   main
0000ceac   memccpy
0000cf96   memcpy
0000cf4a   memset
0000cdb6   sprintf
0000cfa8   strlen
00000302   temp


GLOBAL SYMBOLS: SORTED BY Symbol Address 

address    name
--------   ----
00000000   IE1
00000001   IE2
00000001   __TI_args_main
00000001   __TI_exit
00000002   IFG1
00000003   IFG2
00000010   P3REN
00000018   P3IN
00000019   P3OUT
0000001a   P3DIR
0000001b   P3SEL
00000020   P1IN
00000021   P1OUT
00000022   P1DIR
00000023   P1IFG
00000024   P1IES
00000025   P1IE
00000026   P1SEL
00000027   P1REN
00000028   P2IN
00000029   P2OUT
0000002a   P2DIR
0000002b   P2IFG
0000002c   P2IES
0000002d   P2IE
0000002e   P2SEL
0000002f   P2REN
00000041   P1SEL2
00000042   P2SEL2
00000043   P3SEL2
00000048   ADC10DTC0
00000049   ADC10DTC1
0000004a   ADC10AE0
00000050   __STACK_SIZE
00000053   BCSCTL3
00000056   DCOCTL
00000057   BCSCTL1
00000058   BCSCTL2
00000059   CACTL1
0000005a   CACTL2
0000005b   CAPD
0000005d   UCA0ABCTL
0000005e   UCA0IRTCTL
0000005f   UCA0IRRCTL
00000060   UCA0CTL0
00000061   UCA0CTL1
00000062   UCA0BR0
00000063   UCA0BR1
00000064   UCA0MCTL
00000065   UCA0STAT
00000066   UCA0RXBUF
00000067   UCA0TXBUF
00000068   UCB0CTL0
00000069   UCB0CTL1
0000006a   UCB0BR0
0000006b   UCB0BR1
0000006c   UCB0I2CIE
0000006d   UCB0STAT
0000006e   UCB0RXBUF
0000006f   UCB0TXBUF
00000118   UCB0I2COA
0000011a   UCB0I2CSA
0000011e   TA1IV
00000120   WDTCTL
00000128   FCTL1
0000012a   FCTL2
0000012c   FCTL3
0000012e   TA0IV
00000160   TA0CTL
00000162   TA0CCTL0
00000164   TA0CCTL1
00000166   TA0CCTL2
00000170   TA0R
00000172   TA0CCR0
00000174   TA0CCR1
00000176   TA0CCR2
00000180   TA1CTL
00000182   TA1CCTL0
00000184   TA1CCTL1
00000186   TA1CCTL2
00000190   TA1R
00000192   TA1CCR0
00000194   TA1CCR1
00000196   TA1CCR2
000001b0   ADC10CTL0
000001b2   ADC10CTL1
000001b4   ADC10MEM
000001bc   ADC10SA
00000200   GYRO_XFilter
00000210   GYRO_YFilter
00000220   GYRO_ZFilter
00000230   ACCEL_XFilter
00000240   ACCEL_YFilter
00000250   ACCEL_ZFilter
00000260   G_Filter
00000270   buff
000002a2   TEMP_OUT
000002a4   GYRO_XOUT
000002a6   GYRO_YOUT
000002a8   GYRO_ZOUT
000002aa   GYRO_XOUT_OFFSET
000002ac   GYRO_YOUT_OFFSET
000002ae   GYRO_ZOUT_OFFSET
000002b0   GYRO_XRATE
000002b2   GYRO_YRATE
000002b4   GYRO_ZRATE
000002b6   GYRO_XANGLE
000002b8   GYRO_YANGLE
000002ba   GYRO_ZANGLE
000002bc   gyro_ratio
000002be   dt
000002c0   ACCEL_XOUT
000002c2   ACCEL_YOUT
000002c4   ACCEL_ZOUT
000002c6   ACCEL_XOUT_PAST
000002c8   ACCEL_YOUT_PAST
000002ca   ACCEL_ZOUT_PAST
000002cc   ACCEL_XA
000002ce   ACCEL_YA
000002d0   ACCEL_ZA
000002d2   ACCEL_XV
000002d4   ACCEL_YV
000002d6   ACCEL_ZV
000002d8   ACCEL_XDECAC
000002da   ACCEL_YDECAC
000002dc   ACCEL_ZDECAC
000002de   ACCEL_XANGLE
000002e2   ACCEL_YANGLE
000002e6   ACCEL_ZANGLE
000002ea   Decac_X0
000002ee   Decac_X1
000002f2   Decac_Y0
000002f6   Decac_Y1
000002fa   Decac_Z0
000002fe   Decac_Z1
00000302   temp
00000304   i
00000306   abc
000003b0   _stack
00000400   __STACK_END
000010f8   CALDCO_16MHZ
000010f9   CALBC1_16MHZ
000010fa   CALDCO_12MHZ
000010fb   CALBC1_12MHZ
000010fc   CALDCO_8MHZ
000010fd   CALBC1_8MHZ
000010fe   CALDCO_1MHZ
000010ff   CALBC1_1MHZ
0000c000   Setup_MPU6050
0000c2c8   main
0000c41a   Filters_Accel
0000c548   Filters_Gyro
0000c78c   Select_Clock
0000c8a0   _printfi_minimal
0000c96a   WordRead_I2C_USCI
0000ca5a   _auto_init
0000cab8   __mspabi_divul
0000cab8   __mspabi_remul
0000cb10   ByteWrite_I2C_USCI
0000cb66   Get_Gyro_Values
0000cc60   __mspabi_srli
0000cc6e   __mspabi_srli_15
0000cc72   __mspabi_srli_14
0000cc76   __mspabi_srli_13
0000cc7a   __mspabi_srli_12
0000cc7e   __mspabi_srli_11
0000cc82   __mspabi_srli_10
0000cc86   __mspabi_srli_9
0000cc8a   __mspabi_srli_8
0000cc8e   __mspabi_srli_7
0000cc92   __mspabi_srli_6
0000cc96   __mspabi_srli_5
0000cc9a   __mspabi_srli_4
0000cc9e   __mspabi_srli_3
0000cca2   __mspabi_srli_2
0000cca6   __mspabi_srli_1
0000ccac   Get_Accel_Values
0000cd3c   __mspabi_divli
0000cd3c   __mspabi_remli
0000cd7c   UART_Write_String
0000cdb6   sprintf
0000cdee   UART_Init
0000ce22   Init_I2C_USCI
0000ce82   _delay_ms
0000ceac   memccpy
0000ced4   _c_int00
0000ced4   _c_int00_noexit
0000cf20   __mspabi_divu
0000cf20   __mspabi_remu
0000cf36   __TI_zero_init
0000cf4a   memset
0000cf5e   __mspabi_mpyi
0000cf84   __TI_decompress_none
0000cf96   memcpy
0000cfa8   strlen
0000cfba   __mspabi_func_epilog_7
0000cfbc   __mspabi_func_epilog_6
0000cfbe   __mspabi_func_epilog_5
0000cfc0   __mspabi_func_epilog_4
0000cfc2   __mspabi_func_epilog_3
0000cfc4   __mspabi_func_epilog_2
0000cfc6   __mspabi_func_epilog_1
0000cfca   USCI0RX_ISR
0000cfd8   UART_Write_Char
0000cfe4   __TI_decompress_rle24
0000cfea   _system_pre_init
0000cfee   C$$EXIT
0000cfee   abort
0000cff2   Timer_A0
0000d052   __TI_Handler_Table_Base
0000d058   __TI_Handler_Table_Limit
0000d05c   __TI_CINIT_Base
0000d064   __TI_CINIT_Limit
0000fffe   _reset_vector
ffffffff   __binit__
ffffffff   __c_args__
ffffffff   binit
UNDEFED    __TI_INITARRAY_Base
UNDEFED    __TI_INITARRAY_Limit

[219 symbols]
