******************************************************************************
                  MSP430 Linker PC v4.4.5                      
******************************************************************************
>> Linked Sat Sep 23 19:01:58 2017

OUTPUT FILE NAME:   <cam_bien_nhiet_do.out>
ENTRY POINT SYMBOL: "_c_int00_noargs_noexit"  address: 0000d03c


MEMORY CONFIGURATION

         name            origin    length      used     unused   attr    fill
----------------------  --------  ---------  --------  --------  ----  --------
  SFR                   00000000   00000010  00000000  00000010  RWIX
  PERIPHERALS_8BIT      00000010   000000f0  00000000  000000f0  RWIX
  PERIPHERALS_16BIT     00000100   00000100  00000000  00000100  RWIX
  RAM                   00000200   00000200  0000005a  000001a6  RWIX
  INFOD                 00001000   00000040  00000000  00000040  RWIX
  INFOC                 00001040   00000040  00000000  00000040  RWIX
  INFOB                 00001080   00000040  00000000  00000040  RWIX
  INFOA                 000010c0   00000040  00000000  00000040  RWIX
  FLASH                 0000c000   00003fde  00001104  00002eda  RWIX
  BSLSIGNATURE          0000ffde   00000002  00000002  00000000  RWIX  ffff 
  INT00                 0000ffe0   00000002  00000002  00000000  RWIX
  INT01                 0000ffe2   00000002  00000000  00000002  RWIX
  INT02                 0000ffe4   00000002  00000002  00000000  RWIX
  INT03                 0000ffe6   00000002  00000002  00000000  RWIX
  INT04                 0000ffe8   00000002  00000000  00000002  RWIX
  INT05                 0000ffea   00000002  00000002  00000000  RWIX
  INT06                 0000ffec   00000002  00000002  00000000  RWIX
  INT07                 0000ffee   00000002  00000002  00000000  RWIX
  INT08                 0000fff0   00000002  00000002  00000000  RWIX
  INT09                 0000fff2   00000002  00000002  00000000  RWIX
  INT10                 0000fff4   00000002  00000002  00000000  RWIX
  INT11                 0000fff6   00000002  00000002  00000000  RWIX
  INT12                 0000fff8   00000002  00000002  00000000  RWIX
  INT13                 0000fffa   00000002  00000002  00000000  RWIX
  INT14                 0000fffc   00000002  00000002  00000000  RWIX
  RESET                 0000fffe   00000002  00000002  00000000  RWIX


SECTION ALLOCATION MAP

 output                                  attributes/
section   page    origin      length       input sections
--------  ----  ----------  ----------   ----------------
.data      0    00000200    0000000a     UNINITIALIZED
                  00000200    0000000a     main.obj (.data)

.TI.persistent 
*          0    00000200    00000000     UNINITIALIZED

.stack     0    000003b0    00000050     UNINITIALIZED
                  000003b0    00000002     rts430_eabi.lib : boot.obj (.stack)
                  000003b2    0000004e     --HOLE--

.text      0    0000c000    000010be     
                  0000c000    000002f4     rts430_eabi.lib : frcmpyd.obj (.text:__TI_frcmpyd)
                  0000c2f4    0000026e                     : mpyd.obj (.text:__mspabi_mpyd)
                  0000c562    00000148     main.obj (.text:Select_Clock)
                  0000c6aa    00000130     rts430_eabi.lib : fs_add.obj (.text)
                  0000c7da    00000112     main.obj (.text:main)
                  0000c8ec    000000c2     rts430_eabi.lib : fs_mpy.obj (.text)
                  0000c9ae    000000a2                     : fltlid.obj (.text:__mspabi_fltlid)
                  0000ca50    0000008c                     : cvtdf.obj (.text:__mspabi_cvtdf)
                  0000cadc    00000080     main.obj (.text:UART_Write_Int)
                  0000cb5c    00000068     rts430_eabi.lib : fs_toi.obj (.text)
                  0000cbc4    00000064                     : copy_decompress_rle.obj (.text:__TI_decompress_rle_core)
                  0000cc28    0000005c                     : lsr32.obj (.text:l_lsr_const)
                  0000cc84    0000005a     main.obj (.text:ADC10_Init)
                  0000ccde    00000058     rts430_eabi.lib : autoinit.obj (.text:_auto_init)
                  0000cd36    00000058                     : div32u.obj (.text)
                  0000cd8e    0000004e     main.obj (.text:ADC10_Read_Channel)
                  0000cddc    0000004e     main.obj (.text:UART_Init)
                  0000ce2a    0000004c     rts430_eabi.lib : fs_toul.obj (.text)
                  0000ce76    0000004c                     : lsr16.obj (.text)
                  0000cec2    0000003e                     : asr32.obj (.text:l_asr_const)
                  0000cf00    0000003e                     : lsl32.obj (.text:l_lsl_const)
                  0000cf3e    00000036                     : fs_itof.obj (.text)
                  0000cf74    0000002e     main.obj (.text:USCI0RX_ISR)
                  0000cfa2    0000002c     rts430_eabi.lib : asr16.obj (.text)
                  0000cfce    0000002c                     : lsl16.obj (.text)
                  0000cffa    00000026                     : mult32.obj (.text)
                  0000d020    0000001c     main.obj (.text:UART_Write_String)
                  0000d03c    0000001a     rts430_eabi.lib : boot_special.obj (.text:_c_int00_noargs_noexit)
                  0000d056    00000012                     : copy_decompress_none.obj (.text:decompress:none:__TI_decompress_none)
                  0000d068    00000012                     : memcpy.obj (.text:memcpy)
                  0000d07a    00000010                     : epilog.obj (.text)
                  0000d08a    0000000c     main.obj (.text:UART_Write_Char)
                  0000d096    0000000c     rts430_eabi.lib : fltid.obj (.text:__mspabi_fltid)
                  0000d0a2    00000008     main.obj (.text:ADC10_ISR)
                  0000d0aa    00000006     rts430_eabi.lib : isr_trap.obj (.text:_isr:__TI_ISR_TRAP)
                  0000d0b0    00000006                     : copy_decompress_rle.obj (.text:decompress:rle24:__TI_decompress_rle24)
                  0000d0b6    00000004                     : pre_init.obj (.text:_system_pre_init)
                  0000d0ba    00000004                     : exit.obj (.text:abort)

.const     0    0000d0be    00000030     
                  0000d0be    00000030     main.obj (.const:.string)

.cinit     0    0000d0ee    00000016     
                  0000d0ee    0000000e     (.cinit..data.load) [load image]
                  0000d0fc    00000004     (__TI_handler_table)
                  0000d100    00000004     (__TI_cinit_table)

.init_array 
*          0    0000c000    00000000     UNINITIALIZED

TRAPINT    0    0000ffe0    00000002     
                  0000ffe0    00000002     rts430_eabi.lib : int00.obj (.int00)

$fill000   0    0000ffde    00000002     
                  0000ffde    00000002     --HOLE-- [fill = ffff]

PORT1      0    0000ffe4    00000002     
                  0000ffe4    00000002     rts430_eabi.lib : int02.obj (.int02)

PORT2      0    0000ffe6    00000002     
                  0000ffe6    00000002     rts430_eabi.lib : int03.obj (.int03)

ADC10      0    0000ffea    00000002     
                  0000ffea    00000002     main.obj (.int05)

USCIAB0TX 
*          0    0000ffec    00000002     
                  0000ffec    00000002     rts430_eabi.lib : int06.obj (.int06)

USCIAB0RX 
*          0    0000ffee    00000002     
                  0000ffee    00000002     main.obj (.int07)

TIMER0_A1 
*          0    0000fff0    00000002     
                  0000fff0    00000002     rts430_eabi.lib : int08.obj (.int08)

TIMER0_A0 
*          0    0000fff2    00000002     
                  0000fff2    00000002     rts430_eabi.lib : int09.obj (.int09)

WDT        0    0000fff4    00000002     
                  0000fff4    00000002     rts430_eabi.lib : int10.obj (.int10)

COMPARATORA 
*          0    0000fff6    00000002     
                  0000fff6    00000002     rts430_eabi.lib : int11.obj (.int11)

TIMER1_A1 
*          0    0000fff8    00000002     
                  0000fff8    00000002     rts430_eabi.lib : int12.obj (.int12)

TIMER1_A0 
*          0    0000fffa    00000002     
                  0000fffa    00000002     rts430_eabi.lib : int13.obj (.int13)

NMI        0    0000fffc    00000002     
                  0000fffc    00000002     rts430_eabi.lib : int14.obj (.int14)

.reset     0    0000fffe    00000002     
                  0000fffe    00000002     rts430_eabi.lib : boot.obj (.reset)


LINKER GENERATED COPY TABLES

__TI_cinit_table @ 0000d100 records: 1, size/record: 4, table size: 4
	.data: load addr=0000d0ee, load size=0000000e bytes, run addr=00000200, run size=0000000a bytes, compression=copy


LINKER GENERATED HANDLER TABLE

__TI_handler_table @ 0000d0fc records: 2, size/record: 2, table size: 4
	index: 0, handler: __TI_decompress_rle24
	index: 1, handler: __TI_decompress_none


GLOBAL SYMBOLS: SORTED ALPHABETICALLY BY Name 

address   name                    
-------   ----                    
0000004a  ADC10AE0                
000001b0  ADC10CTL0               
000001b2  ADC10CTL1               
00000048  ADC10DTC0               
00000049  ADC10DTC1               
000001b4  ADC10MEM                
000001bc  ADC10SA                 
0000d0a2  ADC10_ISR               
0000cc84  ADC10_Init              
0000cd8e  ADC10_Read_Channel      
00000206  BAUDRATE                
00000057  BCSCTL1                 
00000058  BCSCTL2                 
00000053  BCSCTL3                 
0000d0ba  C$$EXIT                 
00000059  CACTL1                  
0000005a  CACTL2                  
000010fb  CALBC1_12MHZ            
000010f9  CALBC1_16MHZ            
000010ff  CALBC1_1MHZ             
000010fd  CALBC1_8MHZ             
000010fa  CALDCO_12MHZ            
000010f8  CALDCO_16MHZ            
000010fe  CALDCO_1MHZ             
000010fc  CALDCO_8MHZ             
0000005b  CAPD                    
00000056  DCOCTL                  
00000128  FCTL1                   
0000012a  FCTL2                   
0000012c  FCTL3                   
00000000  IE1                     
00000001  IE2                     
00000002  IFG1                    
00000003  IFG2                    
00000022  P1DIR                   
00000025  P1IE                    
00000024  P1IES                   
00000023  P1IFG                   
00000020  P1IN                    
00000021  P1OUT                   
00000027  P1REN                   
00000026  P1SEL                   
00000041  P1SEL2                  
0000002a  P2DIR                   
0000002d  P2IE                    
0000002c  P2IES                   
0000002b  P2IFG                   
00000028  P2IN                    
00000029  P2OUT                   
0000002f  P2REN                   
0000002e  P2SEL                   
00000042  P2SEL2                  
0000001a  P3DIR                   
00000018  P3IN                    
00000019  P3OUT                   
00000010  P3REN                   
0000001b  P3SEL                   
00000043  P3SEL2                  
00000200  PORT_ADC                
00000201  Reading_channel         
00000202  SMCLK_F                 
0000c562  Select_Clock            
00000172  TA0CCR0                 
00000174  TA0CCR1                 
00000176  TA0CCR2                 
00000162  TA0CCTL0                
00000164  TA0CCTL1                
00000166  TA0CCTL2                
00000160  TA0CTL                  
0000012e  TA0IV                   
00000170  TA0R                    
00000192  TA1CCR0                 
00000194  TA1CCR1                 
00000196  TA1CCR2                 
00000182  TA1CCTL0                
00000184  TA1CCTL1                
00000186  TA1CCTL2                
00000180  TA1CTL                  
0000011e  TA1IV                   
00000190  TA1R                    
000010db  TLV_ADC10_1_LEN         
000010da  TLV_ADC10_1_TAG         
000010c0  TLV_CHECKSUM            
000010f7  TLV_DCO_30_LEN          
000010f6  TLV_DCO_30_TAG          
0000cddc  UART_Init               
0000d08a  UART_Write_Char         
0000cadc  UART_Write_Int          
0000d020  UART_Write_String       
0000005d  UCA0ABCTL               
00000062  UCA0BR0                 
00000063  UCA0BR1                 
00000060  UCA0CTL0                
00000061  UCA0CTL1                
0000005f  UCA0IRRCTL              
0000005e  UCA0IRTCTL              
00000064  UCA0MCTL                
00000066  UCA0RXBUF               
00000065  UCA0STAT                
00000067  UCA0TXBUF               
0000006a  UCB0BR0                 
0000006b  UCB0BR1                 
00000068  UCB0CTL0                
00000069  UCB0CTL1                
0000006c  UCB0I2CIE               
00000118  UCB0I2COA               
0000011a  UCB0I2CSA               
0000006e  UCB0RXBUF               
0000006d  UCB0STAT                
0000006f  UCB0TXBUF               
0000cf74  USCI0RX_ISR             
00000120  WDTCTL                  
00000400  __STACK_END             
00000050  __STACK_SIZE            
0000d100  __TI_CINIT_Base         
0000d104  __TI_CINIT_Limit        
0000d0fc  __TI_Handler_Table_Base 
0000d100  __TI_Handler_Table_Limit
UNDEFED   __TI_INITARRAY_Base     
UNDEFED   __TI_INITARRAY_Limit    
0000d0aa  __TI_ISR_TRAP           
0000d056  __TI_decompress_none    
0000d0b0  __TI_decompress_rle24   
0000c000  __TI_frcmpyd            
0000ffe0  __TI_int00              
0000ffe4  __TI_int02              
0000ffe6  __TI_int03              
0000ffea  __TI_int05              
0000ffec  __TI_int06              
0000ffee  __TI_int07              
0000fff0  __TI_int08              
0000fff2  __TI_int09              
0000fff4  __TI_int10              
0000fff6  __TI_int11              
0000fff8  __TI_int12              
0000fffa  __TI_int13              
0000fffc  __TI_int14              
ffffffff  __binit__               
ffffffff  __c_args__              
0000c6b0  __mspabi_addf           
0000ca50  __mspabi_cvtdf          
0000cd36  __mspabi_divul          
0000cb5c  __mspabi_fixfi          
0000ce2a  __mspabi_fixful         
0000d096  __mspabi_fltid          
0000cf3e  __mspabi_fltif          
0000c9ae  __mspabi_fltlid         
0000d086  __mspabi_func_epilog_1  
0000d084  __mspabi_func_epilog_2  
0000d082  __mspabi_func_epilog_3  
0000d080  __mspabi_func_epilog_4  
0000d07e  __mspabi_func_epilog_5  
0000d07c  __mspabi_func_epilog_6  
0000d07a  __mspabi_func_epilog_7  
0000c2f4  __mspabi_mpyd           
0000c8ec  __mspabi_mpyf           
0000cffa  __mspabi_mpyl           
0000cffa  __mspabi_mpyl_sw        
0000cd36  __mspabi_remul          
0000cfce  __mspabi_slli           
0000cff6  __mspabi_slli_1         
0000cfe4  __mspabi_slli_10        
0000cfe2  __mspabi_slli_11        
0000cfe0  __mspabi_slli_12        
0000cfde  __mspabi_slli_13        
0000cfdc  __mspabi_slli_14        
0000cfda  __mspabi_slli_15        
0000cff4  __mspabi_slli_2         
0000cff2  __mspabi_slli_3         
0000cff0  __mspabi_slli_4         
0000cfee  __mspabi_slli_5         
0000cfec  __mspabi_slli_6         
0000cfea  __mspabi_slli_7         
0000cfe8  __mspabi_slli_8         
0000cfe6  __mspabi_slli_9         
0000cf38  __mspabi_slll_1         
0000cf14  __mspabi_slll_10        
0000cf10  __mspabi_slll_11        
0000cf0c  __mspabi_slll_12        
0000cf08  __mspabi_slll_13        
0000cf04  __mspabi_slll_14        
0000cf00  __mspabi_slll_15        
0000cf34  __mspabi_slll_2         
0000cf30  __mspabi_slll_3         
0000cf2c  __mspabi_slll_4         
0000cf28  __mspabi_slll_5         
0000cf24  __mspabi_slll_6         
0000cf20  __mspabi_slll_7         
0000cf1c  __mspabi_slll_8         
0000cf18  __mspabi_slll_9         
0000cfa2  __mspabi_srai           
0000cfca  __mspabi_srai_1         
0000cfb8  __mspabi_srai_10        
0000cfb6  __mspabi_srai_11        
0000cfb4  __mspabi_srai_12        
0000cfb2  __mspabi_srai_13        
0000cfb0  __mspabi_srai_14        
0000cfae  __mspabi_srai_15        
0000cfc8  __mspabi_srai_2         
0000cfc6  __mspabi_srai_3         
0000cfc4  __mspabi_srai_4         
0000cfc2  __mspabi_srai_5         
0000cfc0  __mspabi_srai_6         
0000cfbe  __mspabi_srai_7         
0000cfbc  __mspabi_srai_8         
0000cfba  __mspabi_srai_9         
0000cefa  __mspabi_sral_1         
0000ced6  __mspabi_sral_10        
0000ced2  __mspabi_sral_11        
0000cece  __mspabi_sral_12        
0000ceca  __mspabi_sral_13        
0000cec6  __mspabi_sral_14        
0000cec2  __mspabi_sral_15        
0000cef6  __mspabi_sral_2         
0000cef2  __mspabi_sral_3         
0000ceee  __mspabi_sral_4         
0000ceea  __mspabi_sral_5         
0000cee6  __mspabi_sral_6         
0000cee2  __mspabi_sral_7         
0000cede  __mspabi_sral_8         
0000ceda  __mspabi_sral_9         
0000ce76  __mspabi_srli           
0000cebc  __mspabi_srli_1         
0000ce98  __mspabi_srli_10        
0000ce94  __mspabi_srli_11        
0000ce90  __mspabi_srli_12        
0000ce8c  __mspabi_srli_13        
0000ce88  __mspabi_srli_14        
0000ce84  __mspabi_srli_15        
0000ceb8  __mspabi_srli_2         
0000ceb4  __mspabi_srli_3         
0000ceb0  __mspabi_srli_4         
0000ceac  __mspabi_srli_5         
0000cea8  __mspabi_srli_6         
0000cea4  __mspabi_srli_7         
0000cea0  __mspabi_srli_8         
0000ce9c  __mspabi_srli_9         
0000cc7c  __mspabi_srll_1         
0000cc46  __mspabi_srll_10        
0000cc40  __mspabi_srll_11        
0000cc3a  __mspabi_srll_12        
0000cc34  __mspabi_srll_13        
0000cc2e  __mspabi_srll_14        
0000cc28  __mspabi_srll_15        
0000cc76  __mspabi_srll_2         
0000cc70  __mspabi_srll_3         
0000cc6a  __mspabi_srll_4         
0000cc64  __mspabi_srll_5         
0000cc5e  __mspabi_srll_6         
0000cc58  __mspabi_srll_7         
0000cc52  __mspabi_srll_8         
0000cc4c  __mspabi_srll_9         
0000c6aa  __mspabi_subf           
0000ccde  _auto_init              
0000d03c  _c_int00_noargs_noexit  
0000fffe  _reset_vector           
000003b0  _stack                  
0000d0b6  _system_pre_init        
0000d0ba  abort                   
ffffffff  binit                   
0000c7da  main                    
0000d068  memcpy                  


GLOBAL SYMBOLS: SORTED BY Symbol Address 

address   name                    
-------   ----                    
00000000  IE1                     
00000001  IE2                     
00000002  IFG1                    
00000003  IFG2                    
00000010  P3REN                   
00000018  P3IN                    
00000019  P3OUT                   
0000001a  P3DIR                   
0000001b  P3SEL                   
00000020  P1IN                    
00000021  P1OUT                   
00000022  P1DIR                   
00000023  P1IFG                   
00000024  P1IES                   
00000025  P1IE                    
00000026  P1SEL                   
00000027  P1REN                   
00000028  P2IN                    
00000029  P2OUT                   
0000002a  P2DIR                   
0000002b  P2IFG                   
0000002c  P2IES                   
0000002d  P2IE                    
0000002e  P2SEL                   
0000002f  P2REN                   
00000041  P1SEL2                  
00000042  P2SEL2                  
00000043  P3SEL2                  
00000048  ADC10DTC0               
00000049  ADC10DTC1               
0000004a  ADC10AE0                
00000050  __STACK_SIZE            
00000053  BCSCTL3                 
00000056  DCOCTL                  
00000057  BCSCTL1                 
00000058  BCSCTL2                 
00000059  CACTL1                  
0000005a  CACTL2                  
0000005b  CAPD                    
0000005d  UCA0ABCTL               
0000005e  UCA0IRTCTL              
0000005f  UCA0IRRCTL              
00000060  UCA0CTL0                
00000061  UCA0CTL1                
00000062  UCA0BR0                 
00000063  UCA0BR1                 
00000064  UCA0MCTL                
00000065  UCA0STAT                
00000066  UCA0RXBUF               
00000067  UCA0TXBUF               
00000068  UCB0CTL0                
00000069  UCB0CTL1                
0000006a  UCB0BR0                 
0000006b  UCB0BR1                 
0000006c  UCB0I2CIE               
0000006d  UCB0STAT                
0000006e  UCB0RXBUF               
0000006f  UCB0TXBUF               
00000118  UCB0I2COA               
0000011a  UCB0I2CSA               
0000011e  TA1IV                   
00000120  WDTCTL                  
00000128  FCTL1                   
0000012a  FCTL2                   
0000012c  FCTL3                   
0000012e  TA0IV                   
00000160  TA0CTL                  
00000162  TA0CCTL0                
00000164  TA0CCTL1                
00000166  TA0CCTL2                
00000170  TA0R                    
00000172  TA0CCR0                 
00000174  TA0CCR1                 
00000176  TA0CCR2                 
00000180  TA1CTL                  
00000182  TA1CCTL0                
00000184  TA1CCTL1                
00000186  TA1CCTL2                
00000190  TA1R                    
00000192  TA1CCR0                 
00000194  TA1CCR1                 
00000196  TA1CCR2                 
000001b0  ADC10CTL0               
000001b2  ADC10CTL1               
000001b4  ADC10MEM                
000001bc  ADC10SA                 
00000200  PORT_ADC                
00000201  Reading_channel         
00000202  SMCLK_F                 
00000206  BAUDRATE                
000003b0  _stack                  
00000400  __STACK_END             
000010c0  TLV_CHECKSUM            
000010da  TLV_ADC10_1_TAG         
000010db  TLV_ADC10_1_LEN         
000010f6  TLV_DCO_30_TAG          
000010f7  TLV_DCO_30_LEN          
000010f8  CALDCO_16MHZ            
000010f9  CALBC1_16MHZ            
000010fa  CALDCO_12MHZ            
000010fb  CALBC1_12MHZ            
000010fc  CALDCO_8MHZ             
000010fd  CALBC1_8MHZ             
000010fe  CALDCO_1MHZ             
000010ff  CALBC1_1MHZ             
0000c000  __TI_frcmpyd            
0000c2f4  __mspabi_mpyd           
0000c562  Select_Clock            
0000c6aa  __mspabi_subf           
0000c6b0  __mspabi_addf           
0000c7da  main                    
0000c8ec  __mspabi_mpyf           
0000c9ae  __mspabi_fltlid         
0000ca50  __mspabi_cvtdf          
0000cadc  UART_Write_Int          
0000cb5c  __mspabi_fixfi          
0000cc28  __mspabi_srll_15        
0000cc2e  __mspabi_srll_14        
0000cc34  __mspabi_srll_13        
0000cc3a  __mspabi_srll_12        
0000cc40  __mspabi_srll_11        
0000cc46  __mspabi_srll_10        
0000cc4c  __mspabi_srll_9         
0000cc52  __mspabi_srll_8         
0000cc58  __mspabi_srll_7         
0000cc5e  __mspabi_srll_6         
0000cc64  __mspabi_srll_5         
0000cc6a  __mspabi_srll_4         
0000cc70  __mspabi_srll_3         
0000cc76  __mspabi_srll_2         
0000cc7c  __mspabi_srll_1         
0000cc84  ADC10_Init              
0000ccde  _auto_init              
0000cd36  __mspabi_divul          
0000cd36  __mspabi_remul          
0000cd8e  ADC10_Read_Channel      
0000cddc  UART_Init               
0000ce2a  __mspabi_fixful         
0000ce76  __mspabi_srli           
0000ce84  __mspabi_srli_15        
0000ce88  __mspabi_srli_14        
0000ce8c  __mspabi_srli_13        
0000ce90  __mspabi_srli_12        
0000ce94  __mspabi_srli_11        
0000ce98  __mspabi_srli_10        
0000ce9c  __mspabi_srli_9         
0000cea0  __mspabi_srli_8         
0000cea4  __mspabi_srli_7         
0000cea8  __mspabi_srli_6         
0000ceac  __mspabi_srli_5         
0000ceb0  __mspabi_srli_4         
0000ceb4  __mspabi_srli_3         
0000ceb8  __mspabi_srli_2         
0000cebc  __mspabi_srli_1         
0000cec2  __mspabi_sral_15        
0000cec6  __mspabi_sral_14        
0000ceca  __mspabi_sral_13        
0000cece  __mspabi_sral_12        
0000ced2  __mspabi_sral_11        
0000ced6  __mspabi_sral_10        
0000ceda  __mspabi_sral_9         
0000cede  __mspabi_sral_8         
0000cee2  __mspabi_sral_7         
0000cee6  __mspabi_sral_6         
0000ceea  __mspabi_sral_5         
0000ceee  __mspabi_sral_4         
0000cef2  __mspabi_sral_3         
0000cef6  __mspabi_sral_2         
0000cefa  __mspabi_sral_1         
0000cf00  __mspabi_slll_15        
0000cf04  __mspabi_slll_14        
0000cf08  __mspabi_slll_13        
0000cf0c  __mspabi_slll_12        
0000cf10  __mspabi_slll_11        
0000cf14  __mspabi_slll_10        
0000cf18  __mspabi_slll_9         
0000cf1c  __mspabi_slll_8         
0000cf20  __mspabi_slll_7         
0000cf24  __mspabi_slll_6         
0000cf28  __mspabi_slll_5         
0000cf2c  __mspabi_slll_4         
0000cf30  __mspabi_slll_3         
0000cf34  __mspabi_slll_2         
0000cf38  __mspabi_slll_1         
0000cf3e  __mspabi_fltif          
0000cf74  USCI0RX_ISR             
0000cfa2  __mspabi_srai           
0000cfae  __mspabi_srai_15        
0000cfb0  __mspabi_srai_14        
0000cfb2  __mspabi_srai_13        
0000cfb4  __mspabi_srai_12        
0000cfb6  __mspabi_srai_11        
0000cfb8  __mspabi_srai_10        
0000cfba  __mspabi_srai_9         
0000cfbc  __mspabi_srai_8         
0000cfbe  __mspabi_srai_7         
0000cfc0  __mspabi_srai_6         
0000cfc2  __mspabi_srai_5         
0000cfc4  __mspabi_srai_4         
0000cfc6  __mspabi_srai_3         
0000cfc8  __mspabi_srai_2         
0000cfca  __mspabi_srai_1         
0000cfce  __mspabi_slli           
0000cfda  __mspabi_slli_15        
0000cfdc  __mspabi_slli_14        
0000cfde  __mspabi_slli_13        
0000cfe0  __mspabi_slli_12        
0000cfe2  __mspabi_slli_11        
0000cfe4  __mspabi_slli_10        
0000cfe6  __mspabi_slli_9         
0000cfe8  __mspabi_slli_8         
0000cfea  __mspabi_slli_7         
0000cfec  __mspabi_slli_6         
0000cfee  __mspabi_slli_5         
0000cff0  __mspabi_slli_4         
0000cff2  __mspabi_slli_3         
0000cff4  __mspabi_slli_2         
0000cff6  __mspabi_slli_1         
0000cffa  __mspabi_mpyl           
0000cffa  __mspabi_mpyl_sw        
0000d020  UART_Write_String       
0000d03c  _c_int00_noargs_noexit  
0000d056  __TI_decompress_none    
0000d068  memcpy                  
0000d07a  __mspabi_func_epilog_7  
0000d07c  __mspabi_func_epilog_6  
0000d07e  __mspabi_func_epilog_5  
0000d080  __mspabi_func_epilog_4  
0000d082  __mspabi_func_epilog_3  
0000d084  __mspabi_func_epilog_2  
0000d086  __mspabi_func_epilog_1  
0000d08a  UART_Write_Char         
0000d096  __mspabi_fltid          
0000d0a2  ADC10_ISR               
0000d0aa  __TI_ISR_TRAP           
0000d0b0  __TI_decompress_rle24   
0000d0b6  _system_pre_init        
0000d0ba  C$$EXIT                 
0000d0ba  abort                   
0000d0fc  __TI_Handler_Table_Base 
0000d100  __TI_CINIT_Base         
0000d100  __TI_Handler_Table_Limit
0000d104  __TI_CINIT_Limit        
0000ffe0  __TI_int00              
0000ffe4  __TI_int02              
0000ffe6  __TI_int03              
0000ffea  __TI_int05              
0000ffec  __TI_int06              
0000ffee  __TI_int07              
0000fff0  __TI_int08              
0000fff2  __TI_int09              
0000fff4  __TI_int10              
0000fff6  __TI_int11              
0000fff8  __TI_int12              
0000fffa  __TI_int13              
0000fffc  __TI_int14              
0000fffe  _reset_vector           
ffffffff  __binit__               
ffffffff  __c_args__              
ffffffff  binit                   
UNDEFED   __TI_INITARRAY_Base     
UNDEFED   __TI_INITARRAY_Limit    

[262 symbols]
