******************************************************************************
                  MSP430 Linker PC v4.4.5                      
******************************************************************************
>> Linked Thu Oct 05 22:05:41 2017

OUTPUT FILE NAME:   <led_7_seg_x_4_catot.out>
ENTRY POINT SYMBOL: "_c_int00_noargs_noexit"  address: 0000ccb0


MEMORY CONFIGURATION

         name            origin    length      used     unused   attr    fill
----------------------  --------  ---------  --------  --------  ----  --------
  SFR                   00000000   00000010  00000000  00000010  RWIX
  PERIPHERALS_8BIT      00000010   000000f0  00000000  000000f0  RWIX
  PERIPHERALS_16BIT     00000100   00000100  00000000  00000100  RWIX
  RAM                   00000200   00000200  0000006d  00000193  RWIX
  INFOD                 00001000   00000040  00000000  00000040  RWIX
  INFOC                 00001040   00000040  00000000  00000040  RWIX
  INFOB                 00001080   00000040  00000000  00000040  RWIX
  INFOA                 000010c0   00000040  00000000  00000040  RWIX
  FLASH                 0000c000   00003fde  00000e1e  000031c0  RWIX
  BSLSIGNATURE          0000ffde   00000002  00000002  00000000  RWIX  ffff 
  INT00                 0000ffe0   00000002  00000002  00000000  RWIX
  INT01                 0000ffe2   00000002  00000000  00000002  RWIX
  INT02                 0000ffe4   00000002  00000002  00000000  RWIX
  INT03                 0000ffe6   00000002  00000002  00000000  RWIX
  INT04                 0000ffe8   00000002  00000000  00000002  RWIX
  INT05                 0000ffea   00000002  00000002  00000000  RWIX
  INT06                 0000ffec   00000002  00000002  00000000  RWIX
  INT07                 0000ffee   00000002  00000002  00000000  RWIX
  INT08                 0000fff0   00000002  00000002  00000000  RWIX
  INT09                 0000fff2   00000002  00000002  00000000  RWIX
  INT10                 0000fff4   00000002  00000002  00000000  RWIX
  INT11                 0000fff6   00000002  00000002  00000000  RWIX
  INT12                 0000fff8   00000002  00000002  00000000  RWIX
  INT13                 0000fffa   00000002  00000002  00000000  RWIX
  INT14                 0000fffc   00000002  00000002  00000000  RWIX
  RESET                 0000fffe   00000002  00000002  00000000  RWIX


SECTION ALLOCATION MAP

 output                                  attributes/
section   page    origin      length       input sections
--------  ----  ----------  ----------   ----------------
.data      0    00000200    0000001d     UNINITIALIZED
                  00000200    00000014     led_7_seg.obj (.data:led_number)
                  00000214    00000008     main.obj (.data)
                  0000021c    00000001     LM35_ADC.obj (.data)

.TI.persistent 
*          0    00000200    00000000     UNINITIALIZED

.stack     0    000003b0    00000050     UNINITIALIZED
                  000003b0    00000002     rts430_eabi.lib : boot.obj (.stack)
                  000003b2    0000004e     --HOLE--

.text      0    0000c000    00000db8     
                  0000c000    00000158     LCD16x2.obj (.text:LCD_PrintFloat)
                  0000c158    00000130     rts430_eabi.lib : fs_add.obj (.text)
                  0000c288    000000c8     LCD16x2.obj (.text:dao_data)
                  0000c350    000000c2     rts430_eabi.lib : fs_mpy.obj (.text)
                  0000c412    000000b2     LCD16x2.obj (.text:config_LCD)
                  0000c4c4    000000a4     main.obj (.text:TAIV_Interrupt)
                  0000c568    00000096     LCD16x2.obj (.text:LCD_Command)
                  0000c5fe    00000096     led_7_seg.obj (.text:out_led7seg)
                  0000c694    00000084     clock.obj (.text:config_clock_MHz)
                  0000c718    00000080     main.obj (.text:LCD_display_temp)
                  0000c798    00000064     rts430_eabi.lib : copy_decompress_rle.obj (.text:__TI_decompress_rle_core)
                  0000c7fc    00000058     LCD16x2.obj (.text:LCD_Init_write)
                  0000c854    00000058     rts430_eabi.lib : autoinit.obj (.text:_auto_init)
                  0000c8ac    00000058                     : div32u.obj (.text)
                  0000c904    00000054     LM35_ADC.obj (.text:config_ADC10)
                  0000c958    00000050     led_7_seg.obj (.text:config_LED7SEG)
                  0000c9a8    0000004e     LM35_ADC.obj (.text:ADC10_read_temp)
                  0000c9f6    0000004c     rts430_eabi.lib : fs_toul.obj (.text)
                  0000ca42    0000004c                     : lsr16.obj (.text)
                  0000ca8e    0000004a                     : fs_cmp.obj (.text)
                  0000cad8    0000003c     main.obj (.text:main)
                  0000cb14    00000038     LCD16x2.obj (.text:LCD_CursorShift)
                  0000cb4c    00000032     rts430_eabi.lib : fs_ultof.obj (.text)
                  0000cb7e    00000030     led_7_seg.obj (.text:shiftout)
                  0000cbae    0000002c     rts430_eabi.lib : asr16.obj (.text)
                  0000cbda    0000002c                     : div16s.obj (.text)
                  0000cc06    0000002c                     : lsl16.obj (.text)
                  0000cc32    00000024                     : fs_utof.obj (.text)
                  0000cc56    00000022     LCD16x2.obj (.text:LCD_Goto)
                  0000cc78    0000001c     LCD16x2.obj (.text:LCD_Clear)
                  0000cc94    0000001c     LCD16x2.obj (.text:LCD_Home)
                  0000ccb0    0000001a     rts430_eabi.lib : boot_special.obj (.text:_c_int00_noargs_noexit)
                  0000ccca    0000001a     LCD16x2.obj (.text:config_buzzer)
                  0000cce4    00000018     LCD16x2.obj (.text:LCD_PrintString)
                  0000ccfc    00000016     rts430_eabi.lib : div16u.obj (.text)
                  0000cd12    00000014                     : mult16.obj (.text)
                  0000cd26    00000012                     : copy_decompress_none.obj (.text:decompress:none:__TI_decompress_none)
                  0000cd38    00000012                     : memcpy.obj (.text:memcpy)
                  0000cd4a    00000010     led_7_seg.obj (.text:pinwrite)
                  0000cd5a    00000010     rts430_eabi.lib : epilog.obj (.text)
                  0000cd6a    0000000e     clock.obj (.text:config_timerA0)
                  0000cd78    0000000c     LCD16x2.obj (.text:LCD_Display)
                  0000cd84    0000000c     main.obj (.text:interrup)
                  0000cd90    0000000a     led_7_seg.obj (.text:pulse)
                  0000cd9a    0000000a     rts430_eabi.lib : fs_neg.obj (.text)
                  0000cda4    00000006                     : isr_trap.obj (.text:_isr:__TI_ISR_TRAP)
                  0000cdaa    00000006                     : copy_decompress_rle.obj (.text:decompress:rle24:__TI_decompress_rle24)
                  0000cdb0    00000004                     : pre_init.obj (.text:_system_pre_init)
                  0000cdb4    00000004                     : exit.obj (.text:abort)

.const     0    0000cdb8    0000003e     
                  0000cdb8    0000003e     main.obj (.const:.string)

.cinit     0    0000cdf6    00000028     
                  0000cdf6    00000020     (.cinit..data.load) [load image, compression = rle]
                  0000ce16    00000004     (__TI_handler_table)
                  0000ce1a    00000004     (__TI_cinit_table)

.init_array 
*          0    0000c000    00000000     UNINITIALIZED

TRAPINT    0    0000ffe0    00000002     
                  0000ffe0    00000002     rts430_eabi.lib : int00.obj (.int00)

$fill000   0    0000ffde    00000002     
                  0000ffde    00000002     --HOLE-- [fill = ffff]

PORT1      0    0000ffe4    00000002     
                  0000ffe4    00000002     rts430_eabi.lib : int02.obj (.int02)

PORT2      0    0000ffe6    00000002     
                  0000ffe6    00000002     main.obj (.int03)

ADC10      0    0000ffea    00000002     
                  0000ffea    00000002     rts430_eabi.lib : int05.obj (.int05)

USCIAB0TX 
*          0    0000ffec    00000002     
                  0000ffec    00000002     rts430_eabi.lib : int06.obj (.int06)

USCIAB0RX 
*          0    0000ffee    00000002     
                  0000ffee    00000002     rts430_eabi.lib : int07.obj (.int07)

TIMER0_A1 
*          0    0000fff0    00000002     
                  0000fff0    00000002     main.obj (.int08)

TIMER0_A0 
*          0    0000fff2    00000002     
                  0000fff2    00000002     rts430_eabi.lib : int09.obj (.int09)

WDT        0    0000fff4    00000002     
                  0000fff4    00000002     rts430_eabi.lib : int10.obj (.int10)

COMPARATORA 
*          0    0000fff6    00000002     
                  0000fff6    00000002     rts430_eabi.lib : int11.obj (.int11)

TIMER1_A1 
*          0    0000fff8    00000002     
                  0000fff8    00000002     rts430_eabi.lib : int12.obj (.int12)

TIMER1_A0 
*          0    0000fffa    00000002     
                  0000fffa    00000002     rts430_eabi.lib : int13.obj (.int13)

NMI        0    0000fffc    00000002     
                  0000fffc    00000002     rts430_eabi.lib : int14.obj (.int14)

.reset     0    0000fffe    00000002     
                  0000fffe    00000002     rts430_eabi.lib : boot.obj (.reset)


LINKER GENERATED COPY TABLES

__TI_cinit_table @ 0000ce1a records: 1, size/record: 4, table size: 4
	.data: load addr=0000cdf6, load size=00000020 bytes, run addr=00000200, run size=0000001d bytes, compression=rle


LINKER GENERATED HANDLER TABLE

__TI_handler_table @ 0000ce16 records: 2, size/record: 2, table size: 4
	index: 0, handler: __TI_decompress_rle24
	index: 1, handler: __TI_decompress_none


GLOBAL SYMBOLS: SORTED ALPHABETICALLY BY Name 

address   name                    
-------   ----                    
0000004a  ADC10AE0                
000001b0  ADC10CTL0               
000001b2  ADC10CTL1               
00000048  ADC10DTC0               
00000049  ADC10DTC1               
000001b4  ADC10MEM                
000001bc  ADC10SA                 
0000c9a8  ADC10_read_temp         
00000057  BCSCTL1                 
00000058  BCSCTL2                 
00000053  BCSCTL3                 
0000cdb4  C$$EXIT                 
00000059  CACTL1                  
0000005a  CACTL2                  
000010fb  CALBC1_12MHZ            
000010f9  CALBC1_16MHZ            
000010ff  CALBC1_1MHZ             
000010fd  CALBC1_8MHZ             
000010fa  CALDCO_12MHZ            
000010f8  CALDCO_16MHZ            
000010fe  CALDCO_1MHZ             
000010fc  CALDCO_8MHZ             
0000005b  CAPD                    
00000056  DCOCTL                  
00000128  FCTL1                   
0000012a  FCTL2                   
0000012c  FCTL3                   
00000000  IE1                     
00000001  IE2                     
00000002  IFG1                    
00000003  IFG2                    
0000cc78  LCD_Clear               
0000c568  LCD_Command             
0000cb14  LCD_CursorShift         
0000cd78  LCD_Display             
0000cc56  LCD_Goto                
0000cc94  LCD_Home                
0000c7fc  LCD_Init_write          
0000c000  LCD_PrintFloat          
0000cce4  LCD_PrintString         
0000c718  LCD_display_temp        
00000022  P1DIR                   
00000025  P1IE                    
00000024  P1IES                   
00000023  P1IFG                   
00000020  P1IN                    
00000021  P1OUT                   
00000027  P1REN                   
00000026  P1SEL                   
00000041  P1SEL2                  
0000002a  P2DIR                   
0000002d  P2IE                    
0000002c  P2IES                   
0000002b  P2IFG                   
00000028  P2IN                    
00000029  P2OUT                   
0000002f  P2REN                   
0000002e  P2SEL                   
00000042  P2SEL2                  
0000001a  P3DIR                   
00000018  P3IN                    
00000019  P3OUT                   
00000010  P3REN                   
0000001b  P3SEL                   
00000043  P3SEL2                  
00000172  TA0CCR0                 
00000174  TA0CCR1                 
00000176  TA0CCR2                 
00000162  TA0CCTL0                
00000164  TA0CCTL1                
00000166  TA0CCTL2                
00000160  TA0CTL                  
0000012e  TA0IV                   
00000170  TA0R                    
00000192  TA1CCR0                 
00000194  TA1CCR1                 
00000196  TA1CCR2                 
00000182  TA1CCTL0                
00000184  TA1CCTL1                
00000186  TA1CCTL2                
00000180  TA1CTL                  
0000011e  TA1IV                   
00000190  TA1R                    
0000c4c4  TAIV_Interrupt          
000010db  TLV_ADC10_1_LEN         
000010da  TLV_ADC10_1_TAG         
000010c0  TLV_CHECKSUM            
000010f7  TLV_DCO_30_LEN          
000010f6  TLV_DCO_30_TAG          
0000005d  UCA0ABCTL               
00000062  UCA0BR0                 
00000063  UCA0BR1                 
00000060  UCA0CTL0                
00000061  UCA0CTL1                
0000005f  UCA0IRRCTL              
0000005e  UCA0IRTCTL              
00000064  UCA0MCTL                
00000066  UCA0RXBUF               
00000065  UCA0STAT                
00000067  UCA0TXBUF               
0000006a  UCB0BR0                 
0000006b  UCB0BR1                 
00000068  UCB0CTL0                
00000069  UCB0CTL1                
0000006c  UCB0I2CIE               
00000118  UCB0I2COA               
0000011a  UCB0I2CSA               
0000006e  UCB0RXBUF               
0000006d  UCB0STAT                
0000006f  UCB0TXBUF               
00000120  WDTCTL                  
00000400  __STACK_END             
00000050  __STACK_SIZE            
0000ce1a  __TI_CINIT_Base         
0000ce1e  __TI_CINIT_Limit        
0000ce16  __TI_Handler_Table_Base 
0000ce1a  __TI_Handler_Table_Limit
UNDEFED   __TI_INITARRAY_Base     
UNDEFED   __TI_INITARRAY_Limit    
0000cda4  __TI_ISR_TRAP           
0000cd26  __TI_decompress_none    
0000cdaa  __TI_decompress_rle24   
0000ffe0  __TI_int00              
0000ffe4  __TI_int02              
0000ffe6  __TI_int03              
0000ffea  __TI_int05              
0000ffec  __TI_int06              
0000ffee  __TI_int07              
0000fff0  __TI_int08              
0000fff2  __TI_int09              
0000fff4  __TI_int10              
0000fff6  __TI_int11              
0000fff8  __TI_int12              
0000fffa  __TI_int13              
0000fffc  __TI_int14              
ffffffff  __binit__               
ffffffff  __c_args__              
0000c15e  __mspabi_addf           
0000ca8e  __mspabi_cmpf           
0000cbda  __mspabi_divi           
0000ccfc  __mspabi_divu           
0000c8ac  __mspabi_divul          
0000c9f6  __mspabi_fixful         
0000cc32  __mspabi_fltuf          
0000cb4c  __mspabi_fltulf         
0000cd66  __mspabi_func_epilog_1  
0000cd64  __mspabi_func_epilog_2  
0000cd62  __mspabi_func_epilog_3  
0000cd60  __mspabi_func_epilog_4  
0000cd5e  __mspabi_func_epilog_5  
0000cd5c  __mspabi_func_epilog_6  
0000cd5a  __mspabi_func_epilog_7  
0000c350  __mspabi_mpyf           
0000cd12  __mspabi_mpyi           
0000cd12  __mspabi_mpyi_sw        
0000cd9a  __mspabi_negf           
0000cbda  __mspabi_remi           
0000ccfc  __mspabi_remu           
0000c8ac  __mspabi_remul          
0000cc06  __mspabi_slli           
0000cc2e  __mspabi_slli_1         
0000cc1c  __mspabi_slli_10        
0000cc1a  __mspabi_slli_11        
0000cc18  __mspabi_slli_12        
0000cc16  __mspabi_slli_13        
0000cc14  __mspabi_slli_14        
0000cc12  __mspabi_slli_15        
0000cc2c  __mspabi_slli_2         
0000cc2a  __mspabi_slli_3         
0000cc28  __mspabi_slli_4         
0000cc26  __mspabi_slli_5         
0000cc24  __mspabi_slli_6         
0000cc22  __mspabi_slli_7         
0000cc20  __mspabi_slli_8         
0000cc1e  __mspabi_slli_9         
0000cbae  __mspabi_srai           
0000cbd6  __mspabi_srai_1         
0000cbc4  __mspabi_srai_10        
0000cbc2  __mspabi_srai_11        
0000cbc0  __mspabi_srai_12        
0000cbbe  __mspabi_srai_13        
0000cbbc  __mspabi_srai_14        
0000cbba  __mspabi_srai_15        
0000cbd4  __mspabi_srai_2         
0000cbd2  __mspabi_srai_3         
0000cbd0  __mspabi_srai_4         
0000cbce  __mspabi_srai_5         
0000cbcc  __mspabi_srai_6         
0000cbca  __mspabi_srai_7         
0000cbc8  __mspabi_srai_8         
0000cbc6  __mspabi_srai_9         
0000ca42  __mspabi_srli           
0000ca88  __mspabi_srli_1         
0000ca64  __mspabi_srli_10        
0000ca60  __mspabi_srli_11        
0000ca5c  __mspabi_srli_12        
0000ca58  __mspabi_srli_13        
0000ca54  __mspabi_srli_14        
0000ca50  __mspabi_srli_15        
0000ca84  __mspabi_srli_2         
0000ca80  __mspabi_srli_3         
0000ca7c  __mspabi_srli_4         
0000ca78  __mspabi_srli_5         
0000ca74  __mspabi_srli_6         
0000ca70  __mspabi_srli_7         
0000ca6c  __mspabi_srli_8         
0000ca68  __mspabi_srli_9         
0000c158  __mspabi_subf           
0000c854  _auto_init              
0000ccb0  _c_int00_noargs_noexit  
0000fffe  _reset_vector           
000003b0  _stack                  
0000cdb0  _system_pre_init        
0000cdb4  abort                   
ffffffff  binit                   
0000c904  config_ADC10            
0000c412  config_LCD              
0000c958  config_LED7SEG          
0000ccca  config_buzzer           
0000c694  config_clock_MHz        
0000cd6a  config_timerA0          
0000c288  dao_data                
0000cd84  interrup                
0000cad8  main                    
0000cd38  memcpy                  
0000c5fe  out_led7seg             
0000cd4a  pinwrite                
0000cd90  pulse                   
0000cb7e  shiftout                


GLOBAL SYMBOLS: SORTED BY Symbol Address 

address   name                    
-------   ----                    
00000000  IE1                     
00000001  IE2                     
00000002  IFG1                    
00000003  IFG2                    
00000010  P3REN                   
00000018  P3IN                    
00000019  P3OUT                   
0000001a  P3DIR                   
0000001b  P3SEL                   
00000020  P1IN                    
00000021  P1OUT                   
00000022  P1DIR                   
00000023  P1IFG                   
00000024  P1IES                   
00000025  P1IE                    
00000026  P1SEL                   
00000027  P1REN                   
00000028  P2IN                    
00000029  P2OUT                   
0000002a  P2DIR                   
0000002b  P2IFG                   
0000002c  P2IES                   
0000002d  P2IE                    
0000002e  P2SEL                   
0000002f  P2REN                   
00000041  P1SEL2                  
00000042  P2SEL2                  
00000043  P3SEL2                  
00000048  ADC10DTC0               
00000049  ADC10DTC1               
0000004a  ADC10AE0                
00000050  __STACK_SIZE            
00000053  BCSCTL3                 
00000056  DCOCTL                  
00000057  BCSCTL1                 
00000058  BCSCTL2                 
00000059  CACTL1                  
0000005a  CACTL2                  
0000005b  CAPD                    
0000005d  UCA0ABCTL               
0000005e  UCA0IRTCTL              
0000005f  UCA0IRRCTL              
00000060  UCA0CTL0                
00000061  UCA0CTL1                
00000062  UCA0BR0                 
00000063  UCA0BR1                 
00000064  UCA0MCTL                
00000065  UCA0STAT                
00000066  UCA0RXBUF               
00000067  UCA0TXBUF               
00000068  UCB0CTL0                
00000069  UCB0CTL1                
0000006a  UCB0BR0                 
0000006b  UCB0BR1                 
0000006c  UCB0I2CIE               
0000006d  UCB0STAT                
0000006e  UCB0RXBUF               
0000006f  UCB0TXBUF               
00000118  UCB0I2COA               
0000011a  UCB0I2CSA               
0000011e  TA1IV                   
00000120  WDTCTL                  
00000128  FCTL1                   
0000012a  FCTL2                   
0000012c  FCTL3                   
0000012e  TA0IV                   
00000160  TA0CTL                  
00000162  TA0CCTL0                
00000164  TA0CCTL1                
00000166  TA0CCTL2                
00000170  TA0R                    
00000172  TA0CCR0                 
00000174  TA0CCR1                 
00000176  TA0CCR2                 
00000180  TA1CTL                  
00000182  TA1CCTL0                
00000184  TA1CCTL1                
00000186  TA1CCTL2                
00000190  TA1R                    
00000192  TA1CCR0                 
00000194  TA1CCR1                 
00000196  TA1CCR2                 
000001b0  ADC10CTL0               
000001b2  ADC10CTL1               
000001b4  ADC10MEM                
000001bc  ADC10SA                 
000003b0  _stack                  
00000400  __STACK_END             
000010c0  TLV_CHECKSUM            
000010da  TLV_ADC10_1_TAG         
000010db  TLV_ADC10_1_LEN         
000010f6  TLV_DCO_30_TAG          
000010f7  TLV_DCO_30_LEN          
000010f8  CALDCO_16MHZ            
000010f9  CALBC1_16MHZ            
000010fa  CALDCO_12MHZ            
000010fb  CALBC1_12MHZ            
000010fc  CALDCO_8MHZ             
000010fd  CALBC1_8MHZ             
000010fe  CALDCO_1MHZ             
000010ff  CALBC1_1MHZ             
0000c000  LCD_PrintFloat          
0000c158  __mspabi_subf           
0000c15e  __mspabi_addf           
0000c288  dao_data                
0000c350  __mspabi_mpyf           
0000c412  config_LCD              
0000c4c4  TAIV_Interrupt          
0000c568  LCD_Command             
0000c5fe  out_led7seg             
0000c694  config_clock_MHz        
0000c718  LCD_display_temp        
0000c7fc  LCD_Init_write          
0000c854  _auto_init              
0000c8ac  __mspabi_divul          
0000c8ac  __mspabi_remul          
0000c904  config_ADC10            
0000c958  config_LED7SEG          
0000c9a8  ADC10_read_temp         
0000c9f6  __mspabi_fixful         
0000ca42  __mspabi_srli           
0000ca50  __mspabi_srli_15        
0000ca54  __mspabi_srli_14        
0000ca58  __mspabi_srli_13        
0000ca5c  __mspabi_srli_12        
0000ca60  __mspabi_srli_11        
0000ca64  __mspabi_srli_10        
0000ca68  __mspabi_srli_9         
0000ca6c  __mspabi_srli_8         
0000ca70  __mspabi_srli_7         
0000ca74  __mspabi_srli_6         
0000ca78  __mspabi_srli_5         
0000ca7c  __mspabi_srli_4         
0000ca80  __mspabi_srli_3         
0000ca84  __mspabi_srli_2         
0000ca88  __mspabi_srli_1         
0000ca8e  __mspabi_cmpf           
0000cad8  main                    
0000cb14  LCD_CursorShift         
0000cb4c  __mspabi_fltulf         
0000cb7e  shiftout                
0000cbae  __mspabi_srai           
0000cbba  __mspabi_srai_15        
0000cbbc  __mspabi_srai_14        
0000cbbe  __mspabi_srai_13        
0000cbc0  __mspabi_srai_12        
0000cbc2  __mspabi_srai_11        
0000cbc4  __mspabi_srai_10        
0000cbc6  __mspabi_srai_9         
0000cbc8  __mspabi_srai_8         
0000cbca  __mspabi_srai_7         
0000cbcc  __mspabi_srai_6         
0000cbce  __mspabi_srai_5         
0000cbd0  __mspabi_srai_4         
0000cbd2  __mspabi_srai_3         
0000cbd4  __mspabi_srai_2         
0000cbd6  __mspabi_srai_1         
0000cbda  __mspabi_divi           
0000cbda  __mspabi_remi           
0000cc06  __mspabi_slli           
0000cc12  __mspabi_slli_15        
0000cc14  __mspabi_slli_14        
0000cc16  __mspabi_slli_13        
0000cc18  __mspabi_slli_12        
0000cc1a  __mspabi_slli_11        
0000cc1c  __mspabi_slli_10        
0000cc1e  __mspabi_slli_9         
0000cc20  __mspabi_slli_8         
0000cc22  __mspabi_slli_7         
0000cc24  __mspabi_slli_6         
0000cc26  __mspabi_slli_5         
0000cc28  __mspabi_slli_4         
0000cc2a  __mspabi_slli_3         
0000cc2c  __mspabi_slli_2         
0000cc2e  __mspabi_slli_1         
0000cc32  __mspabi_fltuf          
0000cc56  LCD_Goto                
0000cc78  LCD_Clear               
0000cc94  LCD_Home                
0000ccb0  _c_int00_noargs_noexit  
0000ccca  config_buzzer           
0000cce4  LCD_PrintString         
0000ccfc  __mspabi_divu           
0000ccfc  __mspabi_remu           
0000cd12  __mspabi_mpyi           
0000cd12  __mspabi_mpyi_sw        
0000cd26  __TI_decompress_none    
0000cd38  memcpy                  
0000cd4a  pinwrite                
0000cd5a  __mspabi_func_epilog_7  
0000cd5c  __mspabi_func_epilog_6  
0000cd5e  __mspabi_func_epilog_5  
0000cd60  __mspabi_func_epilog_4  
0000cd62  __mspabi_func_epilog_3  
0000cd64  __mspabi_func_epilog_2  
0000cd66  __mspabi_func_epilog_1  
0000cd6a  config_timerA0          
0000cd78  LCD_Display             
0000cd84  interrup                
0000cd90  pulse                   
0000cd9a  __mspabi_negf           
0000cda4  __TI_ISR_TRAP           
0000cdaa  __TI_decompress_rle24   
0000cdb0  _system_pre_init        
0000cdb4  C$$EXIT                 
0000cdb4  abort                   
0000ce16  __TI_Handler_Table_Base 
0000ce1a  __TI_CINIT_Base         
0000ce1a  __TI_Handler_Table_Limit
0000ce1e  __TI_CINIT_Limit        
0000ffe0  __TI_int00              
0000ffe4  __TI_int02              
0000ffe6  __TI_int03              
0000ffea  __TI_int05              
0000ffec  __TI_int06              
0000ffee  __TI_int07              
0000fff0  __TI_int08              
0000fff2  __TI_int09              
0000fff4  __TI_int10              
0000fff6  __TI_int11              
0000fff8  __TI_int12              
0000fffa  __TI_int13              
0000fffc  __TI_int14              
0000fffe  _reset_vector           
ffffffff  __binit__               
ffffffff  __c_args__              
ffffffff  binit                   
UNDEFED   __TI_INITARRAY_Base     
UNDEFED   __TI_INITARRAY_Limit    

[229 symbols]
