******************************************************************************
                  MSP430 Linker PC v4.4.5                      
******************************************************************************
>> Linked Wed Aug 03 10:33:17 2016

OUTPUT FILE NAME:   <PID_control.out>
ENTRY POINT SYMBOL: "_c_int00_noargs_noexit"  address: 0000e5c2


MEMORY CONFIGURATION

         name            origin    length      used     unused   attr    fill
----------------------  --------  ---------  --------  --------  ----  --------
  SFR                   00000000   00000010  00000000  00000010  RWIX
  PERIPHERALS_8BIT      00000010   000000f0  00000000  000000f0  RWIX
  PERIPHERALS_16BIT     00000100   00000100  00000000  00000100  RWIX
  RAM                   00000200   00000200  00000151  000000af  RWIX
  INFOD                 00001000   00000040  00000000  00000040  RWIX
  INFOC                 00001040   00000040  00000000  00000040  RWIX
  INFOB                 00001080   00000040  00000000  00000040  RWIX
  INFOA                 000010c0   00000040  00000000  00000040  RWIX
  FLASH                 0000c000   00003fde  00002766  00001878  RWIX
  BSLSIGNATURE          0000ffde   00000002  00000002  00000000  RWIX  ffff 
  INT00                 0000ffe0   00000002  00000002  00000000  RWIX
  INT01                 0000ffe2   00000002  00000000  00000002  RWIX
  INT02                 0000ffe4   00000002  00000002  00000000  RWIX
  INT03                 0000ffe6   00000002  00000002  00000000  RWIX
  INT04                 0000ffe8   00000002  00000000  00000002  RWIX
  INT05                 0000ffea   00000002  00000002  00000000  RWIX
  INT06                 0000ffec   00000002  00000002  00000000  RWIX
  INT07                 0000ffee   00000002  00000002  00000000  RWIX
  INT08                 0000fff0   00000002  00000002  00000000  RWIX
  INT09                 0000fff2   00000002  00000002  00000000  RWIX
  INT10                 0000fff4   00000002  00000002  00000000  RWIX
  INT11                 0000fff6   00000002  00000002  00000000  RWIX
  INT12                 0000fff8   00000002  00000002  00000000  RWIX
  INT13                 0000fffa   00000002  00000002  00000000  RWIX
  INT14                 0000fffc   00000002  00000002  00000000  RWIX
  RESET                 0000fffe   00000002  00000002  00000000  RWIX


SECTION ALLOCATION MAP

 output                                  attributes/
section   page    origin      length       input sections
--------  ----  ----------  ----------   ----------------
.data      0    00000200    000000ec     UNINITIALIZED
                  00000200    00000080     rts430_eabi.lib : xvalues.obj (.data)
                  00000280    00000058                     : signal.obj (.data:sigtable)
                  000002d8    00000008     main.obj (.data)
                  000002e0    00000006     rts430_eabi.lib : feraiseexcept.obj (.data)
                  000002e6    00000002                     : _lock.obj (.data:_lock)
                  000002e8    00000002                     : _lock.obj (.data:_unlock)
                  000002ea    00000002                     : errno.obj (.data)

.bss       0    000002ec    00000015     UNINITIALIZED
                  000002ec    00000004     (.common:D_part)
                  000002f0    00000004     (.common:I_part)
                  000002f4    00000004     (.common:P_part)
                  000002f8    00000004     (.common:re_goc)
                  000002fc    00000002     (.common:e)
                  000002fe    00000001     (.common:varAngle)
                  000002ff    00000001     (.common:varDirection)
                  00000300    00000001     (.common:varRx)

.TI.persistent 
*          0    00000200    00000000     UNINITIALIZED

.stack     0    000003b0    00000050     UNINITIALIZED
                  000003b0    00000002     rts430_eabi.lib : boot.obj (.stack)
                  000003b2    0000004e     --HOLE--

.text      0    0000c000    000026b6     
                  0000c000    00000462     rts430_eabi.lib : frcdivd.obj (.text:__TI_frcdivd)
                  0000c462    00000452                     : xsin.obj (.text:_Sin)
                  0000c8b4    00000324                     : fmod.obj (.text:fmod)
                  0000cbd8    000002f4                     : frcmpyd.obj (.text:__TI_frcmpyd)
                  0000cecc    000002e8                     : addd.obj (.text:__mspabi_addd)
                  0000d1b4    0000026e                     : mpyd.obj (.text:__mspabi_mpyd)
                  0000d422    00000260                     : frcaddd.obj (.text:__TI_frcaddd)
                  0000d682    00000238                     : divd.obj (.text:__mspabi_divd)
                  0000d8ba    000001b4                     : xdscale.obj (.text:_Dscale)
                  0000da6e    00000110                     : xdnorm.obj (.text:_Dnorm)
                  0000db7e    000000dc                     : cmpd.obj (.text:__mspabi_cmpd)
                  0000dc5a    000000da     main.obj (.text:balance_control)
                  0000dd34    000000be     rts430_eabi.lib : renormd.obj (.text:__TI_renormd)
                  0000ddf2    000000a2                     : fltlid.obj (.text:__mspabi_fltlid)
                  0000de94    0000008c                     : cvtdf.obj (.text:__mspabi_cvtdf)
                  0000df20    00000084     main.obj (.text:config)
                  0000dfa4    00000074     rts430_eabi.lib : fixdul.obj (.text:__mspabi_fixdul)
                  0000e018    00000072                     : fixdli.obj (.text:__mspabi_fixdli)
                  0000e08a    00000068                     : cvtfd.obj (.text:__mspabi_cvtfd)
                  0000e0f2    00000064                     : copy_decompress_rle.obj (.text:__TI_decompress_rle_core)
                  0000e156    0000005c                     : lsr32.obj (.text:l_lsr_const)
                  0000e1b2    00000058                     : autoinit.obj (.text:_auto_init)
                  0000e20a    0000004c                     : lsr16.obj (.text)
                  0000e256    00000044                     : lsr64.obj (.text:__mspabi_srlll)
                  0000e29a    0000003e                     : asr32.obj (.text:l_asr_const)
                  0000e2d8    0000003e                     : lsl32.obj (.text:l_lsl_const)
                  0000e316    0000003e     main.obj (.text:rxIsr)
                  0000e354    0000003c     USCI_SPI_1_0_1.obj (.text:spiA0Setup)
                  0000e390    00000038     rts430_eabi.lib : signal.obj (.text:signal)
                  0000e3c8    00000032                     : xferaise.obj (.text:_Feraise)
                  0000e3fa    00000032                     : raise.obj (.text:raise)
                  0000e42c    0000002e                     : subd.obj (.text:__mspabi_subd)
                  0000e45a    0000002e                     : feraiseexcept.obj (.text:feraiseexcept)
                  0000e488    0000002c                     : asr16.obj (.text)
                  0000e4b4    0000002c                     : lsl16.obj (.text)
                  0000e4e0    0000002a                     : negd.obj (.text:__mspabi_negd)
                  0000e50a    00000028     main.obj (.text:control_motor_2)
                  0000e532    00000026     rts430_eabi.lib : mult32.obj (.text)
                  0000e558    00000024     main.obj (.text:control_motor_1)
                  0000e57c    00000024     rts430_eabi.lib : fs_utof.obj (.text)
                  0000e5a0    00000022     main.obj (.text:main)
                  0000e5c2    0000001a     rts430_eabi.lib : boot_special.obj (.text:_c_int00_noargs_noexit)
                  0000e5dc    00000016     main.obj (.text:dataDecode)
                  0000e5f2    00000014     rts430_eabi.lib : copy_zero_init.obj (.text:decompress:ZI:__TI_zero_init)
                  0000e606    00000014                     : mult16.obj (.text)
                  0000e61a    00000012                     : fixdu.obj (.text:__mspabi_fixdu)
                  0000e62c    00000012                     : copy_decompress_none.obj (.text:decompress:none:__TI_decompress_none)
                  0000e63e    00000012                     : lsr32.obj (.text:l_lsr)
                  0000e650    00000012                     : memcpy.obj (.text:memcpy)
                  0000e662    00000010                     : asr32.obj (.text:l_asr)
                  0000e672    00000010                     : lsl32.obj (.text:l_lsl)
                  0000e682    00000010                     : epilog.obj (.text)
                  0000e692    0000000e                     : cos.obj (.text:cos)
                  0000e6a0    00000006                     : isr_trap.obj (.text:_isr:__TI_ISR_TRAP)
                  0000e6a6    00000006                     : copy_decompress_rle.obj (.text:decompress:rle24:__TI_decompress_rle24)
                  0000e6ac    00000004                     : pre_init.obj (.text:_system_pre_init)
                  0000e6b0    00000004                     : exit.obj (.text:abort)
                  0000e6b4    00000002                     : _lock.obj (.text:_nop)

.const     0    0000e6b6    00000060     
                  0000e6b6    00000030     rts430_eabi.lib : xsin.obj (.const:c)
                  0000e6e6    00000030                     : xsin.obj (.const:s)

.cinit     0    0000e716    00000050     
                  0000e716    0000003d     (.cinit..data.load) [load image, compression = rle]
                  0000e753    00000001     --HOLE-- [fill = 0]
                  0000e754    00000006     (__TI_handler_table)
                  0000e75a    00000004     (.cinit..bss.load) [load image, compression = zero_init]
                  0000e75e    00000008     (__TI_cinit_table)

.init_array 
*          0    0000c000    00000000     UNINITIALIZED

TRAPINT    0    0000ffe0    00000002     
                  0000ffe0    00000002     rts430_eabi.lib : int00.obj (.int00)

$fill000   0    0000ffde    00000002     
                  0000ffde    00000002     --HOLE-- [fill = ffff]

PORT1      0    0000ffe4    00000002     
                  0000ffe4    00000002     rts430_eabi.lib : int02.obj (.int02)

PORT2      0    0000ffe6    00000002     
                  0000ffe6    00000002     rts430_eabi.lib : int03.obj (.int03)

ADC10      0    0000ffea    00000002     
                  0000ffea    00000002     rts430_eabi.lib : int05.obj (.int05)

USCIAB0TX 
*          0    0000ffec    00000002     
                  0000ffec    00000002     rts430_eabi.lib : int06.obj (.int06)

USCIAB0RX 
*          0    0000ffee    00000002     
                  0000ffee    00000002     main.obj (.int07)

TIMER0_A1 
*          0    0000fff0    00000002     
                  0000fff0    00000002     rts430_eabi.lib : int08.obj (.int08)

TIMER0_A0 
*          0    0000fff2    00000002     
                  0000fff2    00000002     rts430_eabi.lib : int09.obj (.int09)

WDT        0    0000fff4    00000002     
                  0000fff4    00000002     rts430_eabi.lib : int10.obj (.int10)

COMPARATORA 
*          0    0000fff6    00000002     
                  0000fff6    00000002     rts430_eabi.lib : int11.obj (.int11)

TIMER1_A1 
*          0    0000fff8    00000002     
                  0000fff8    00000002     rts430_eabi.lib : int12.obj (.int12)

TIMER1_A0 
*          0    0000fffa    00000002     
                  0000fffa    00000002     rts430_eabi.lib : int13.obj (.int13)

NMI        0    0000fffc    00000002     
                  0000fffc    00000002     rts430_eabi.lib : int14.obj (.int14)

.reset     0    0000fffe    00000002     
                  0000fffe    00000002     rts430_eabi.lib : boot.obj (.reset)


LINKER GENERATED COPY TABLES

__TI_cinit_table @ 0000e75e records: 2, size/record: 4, table size: 8
	.data: load addr=0000e716, load size=0000003d bytes, run addr=00000200, run size=000000ec bytes, compression=rle
	.bss: load addr=0000e75a, load size=00000004 bytes, run addr=000002ec, run size=00000015 bytes, compression=zero_init


LINKER GENERATED HANDLER TABLE

__TI_handler_table @ 0000e754 records: 3, size/record: 2, table size: 6
	index: 0, handler: __TI_zero_init
	index: 1, handler: __TI_decompress_rle24
	index: 2, handler: __TI_decompress_none


GLOBAL SYMBOLS: SORTED ALPHABETICALLY BY Name 

address   name                    
-------   ----                    
0000004a  ADC10AE0                
000001b0  ADC10CTL0               
000001b2  ADC10CTL1               
00000048  ADC10DTC0               
00000049  ADC10DTC1               
000001b4  ADC10MEM                
000001bc  ADC10SA                 
00000057  BCSCTL1                 
00000058  BCSCTL2                 
00000053  BCSCTL3                 
0000e6b0  C$$EXIT                 
00000059  CACTL1                  
0000005a  CACTL2                  
000010fb  CALBC1_12MHZ            
000010f9  CALBC1_16MHZ            
000010ff  CALBC1_1MHZ             
000010fd  CALBC1_8MHZ             
000010fa  CALDCO_12MHZ            
000010f8  CALDCO_16MHZ            
000010fe  CALDCO_1MHZ             
000010fc  CALDCO_8MHZ             
0000005b  CAPD                    
00000056  DCOCTL                  
000002ec  D_part                  
00000128  FCTL1                   
0000012a  FCTL2                   
0000012c  FCTL3                   
00000000  IE1                     
00000001  IE2                     
00000002  IFG1                    
00000003  IFG2                    
000002f0  I_part                  
00000022  P1DIR                   
00000025  P1IE                    
00000024  P1IES                   
00000023  P1IFG                   
00000020  P1IN                    
00000021  P1OUT                   
00000027  P1REN                   
00000026  P1SEL                   
00000041  P1SEL2                  
0000002a  P2DIR                   
0000002d  P2IE                    
0000002c  P2IES                   
0000002b  P2IFG                   
00000028  P2IN                    
00000029  P2OUT                   
0000002f  P2REN                   
0000002e  P2SEL                   
00000042  P2SEL2                  
0000001a  P3DIR                   
00000018  P3IN                    
00000019  P3OUT                   
00000010  P3REN                   
0000001b  P3SEL                   
00000043  P3SEL2                  
000002f4  P_part                  
00000172  TA0CCR0                 
00000174  TA0CCR1                 
00000176  TA0CCR2                 
00000162  TA0CCTL0                
00000164  TA0CCTL1                
00000166  TA0CCTL2                
00000160  TA0CTL                  
0000012e  TA0IV                   
00000170  TA0R                    
00000192  TA1CCR0                 
00000194  TA1CCR1                 
00000196  TA1CCR2                 
00000182  TA1CCTL0                
00000184  TA1CCTL1                
00000186  TA1CCTL2                
00000180  TA1CTL                  
0000011e  TA1IV                   
00000190  TA1R                    
000010db  TLV_ADC10_1_LEN         
000010da  TLV_ADC10_1_TAG         
000010c0  TLV_CHECKSUM            
000010f7  TLV_DCO_30_LEN          
000010f6  TLV_DCO_30_TAG          
0000005d  UCA0ABCTL               
00000062  UCA0BR0                 
00000063  UCA0BR1                 
00000060  UCA0CTL0                
00000061  UCA0CTL1                
0000005f  UCA0IRRCTL              
0000005e  UCA0IRTCTL              
00000064  UCA0MCTL                
00000066  UCA0RXBUF               
00000065  UCA0STAT                
00000067  UCA0TXBUF               
0000006a  UCB0BR0                 
0000006b  UCB0BR1                 
00000068  UCB0CTL0                
00000069  UCB0CTL1                
0000006c  UCB0I2CIE               
00000118  UCB0I2COA               
0000011a  UCB0I2CSA               
0000006e  UCB0RXBUF               
0000006d  UCB0STAT                
0000006f  UCB0TXBUF               
00000120  WDTCTL                  
00000200  _Denorm                 
0000da6e  _Dnorm                  
0000d8ba  _Dscale                 
00000210  _Eps                    
000002ea  _Errno                  
000002e0  _Fenv                   
0000e3c8  _Feraise                
00000220  _Hugeval                
00000230  _Inf                    
00000240  _Nan                    
00000260  _Rteps                  
0000c462  _Sin                    
00000250  _Snan                   
000002e4  _Tls_setup__Fenv        
00000270  _Xbig                   
00000278  _Zero                   
00000400  __STACK_END             
00000050  __STACK_SIZE            
0000e75e  __TI_CINIT_Base         
0000e766  __TI_CINIT_Limit        
0000e754  __TI_Handler_Table_Base 
0000e75a  __TI_Handler_Table_Limit
UNDEFED   __TI_INITARRAY_Base     
UNDEFED   __TI_INITARRAY_Limit    
0000e6a0  __TI_ISR_TRAP           
0000e62c  __TI_decompress_none    
0000e6a6  __TI_decompress_rle24   
0000d422  __TI_frcaddd            
0000c000  __TI_frcdivd            
0000cbd8  __TI_frcmpyd            
0000ffe0  __TI_int00              
0000ffe4  __TI_int02              
0000ffe6  __TI_int03              
0000ffea  __TI_int05              
0000ffec  __TI_int06              
0000ffee  __TI_int07              
0000fff0  __TI_int08              
0000fff2  __TI_int09              
0000fff4  __TI_int10              
0000fff6  __TI_int11              
0000fff8  __TI_int12              
0000fffa  __TI_int13              
0000fffc  __TI_int14              
0000dd34  __TI_renormd            
0000e5f2  __TI_zero_init          
ffffffff  __binit__               
ffffffff  __c_args__              
0000cecc  __mspabi_addd           
0000db7e  __mspabi_cmpd           
0000de94  __mspabi_cvtdf          
0000e08a  __mspabi_cvtfd          
0000d682  __mspabi_divd           
0000e018  __mspabi_fixdli         
0000e61a  __mspabi_fixdu          
0000dfa4  __mspabi_fixdul         
0000ddf2  __mspabi_fltlid         
0000e57c  __mspabi_fltuf          
0000e68e  __mspabi_func_epilog_1  
0000e68c  __mspabi_func_epilog_2  
0000e68a  __mspabi_func_epilog_3  
0000e688  __mspabi_func_epilog_4  
0000e686  __mspabi_func_epilog_5  
0000e684  __mspabi_func_epilog_6  
0000e682  __mspabi_func_epilog_7  
0000d1b4  __mspabi_mpyd           
0000e606  __mspabi_mpyi           
0000e606  __mspabi_mpyi_sw        
0000e532  __mspabi_mpyl           
0000e532  __mspabi_mpyl_sw        
0000e4e0  __mspabi_negd           
0000e4b4  __mspabi_slli           
0000e4dc  __mspabi_slli_1         
0000e4ca  __mspabi_slli_10        
0000e4c8  __mspabi_slli_11        
0000e4c6  __mspabi_slli_12        
0000e4c4  __mspabi_slli_13        
0000e4c2  __mspabi_slli_14        
0000e4c0  __mspabi_slli_15        
0000e4da  __mspabi_slli_2         
0000e4d8  __mspabi_slli_3         
0000e4d6  __mspabi_slli_4         
0000e4d4  __mspabi_slli_5         
0000e4d2  __mspabi_slli_6         
0000e4d0  __mspabi_slli_7         
0000e4ce  __mspabi_slli_8         
0000e4cc  __mspabi_slli_9         
0000e672  __mspabi_slll           
0000e310  __mspabi_slll_1         
0000e2ec  __mspabi_slll_10        
0000e2e8  __mspabi_slll_11        
0000e2e4  __mspabi_slll_12        
0000e2e0  __mspabi_slll_13        
0000e2dc  __mspabi_slll_14        
0000e2d8  __mspabi_slll_15        
0000e30c  __mspabi_slll_2         
0000e308  __mspabi_slll_3         
0000e304  __mspabi_slll_4         
0000e300  __mspabi_slll_5         
0000e2fc  __mspabi_slll_6         
0000e2f8  __mspabi_slll_7         
0000e2f4  __mspabi_slll_8         
0000e2f0  __mspabi_slll_9         
0000e488  __mspabi_srai           
0000e4b0  __mspabi_srai_1         
0000e49e  __mspabi_srai_10        
0000e49c  __mspabi_srai_11        
0000e49a  __mspabi_srai_12        
0000e498  __mspabi_srai_13        
0000e496  __mspabi_srai_14        
0000e494  __mspabi_srai_15        
0000e4ae  __mspabi_srai_2         
0000e4ac  __mspabi_srai_3         
0000e4aa  __mspabi_srai_4         
0000e4a8  __mspabi_srai_5         
0000e4a6  __mspabi_srai_6         
0000e4a4  __mspabi_srai_7         
0000e4a2  __mspabi_srai_8         
0000e4a0  __mspabi_srai_9         
0000e662  __mspabi_sral           
0000e2d2  __mspabi_sral_1         
0000e2ae  __mspabi_sral_10        
0000e2aa  __mspabi_sral_11        
0000e2a6  __mspabi_sral_12        
0000e2a2  __mspabi_sral_13        
0000e29e  __mspabi_sral_14        
0000e29a  __mspabi_sral_15        
0000e2ce  __mspabi_sral_2         
0000e2ca  __mspabi_sral_3         
0000e2c6  __mspabi_sral_4         
0000e2c2  __mspabi_sral_5         
0000e2be  __mspabi_sral_6         
0000e2ba  __mspabi_sral_7         
0000e2b6  __mspabi_sral_8         
0000e2b2  __mspabi_sral_9         
0000e20a  __mspabi_srli           
0000e250  __mspabi_srli_1         
0000e22c  __mspabi_srli_10        
0000e228  __mspabi_srli_11        
0000e224  __mspabi_srli_12        
0000e220  __mspabi_srli_13        
0000e21c  __mspabi_srli_14        
0000e218  __mspabi_srli_15        
0000e24c  __mspabi_srli_2         
0000e248  __mspabi_srli_3         
0000e244  __mspabi_srli_4         
0000e240  __mspabi_srli_5         
0000e23c  __mspabi_srli_6         
0000e238  __mspabi_srli_7         
0000e234  __mspabi_srli_8         
0000e230  __mspabi_srli_9         
0000e63e  __mspabi_srll           
0000e1aa  __mspabi_srll_1         
0000e174  __mspabi_srll_10        
0000e16e  __mspabi_srll_11        
0000e168  __mspabi_srll_12        
0000e162  __mspabi_srll_13        
0000e15c  __mspabi_srll_14        
0000e156  __mspabi_srll_15        
0000e1a4  __mspabi_srll_2         
0000e19e  __mspabi_srll_3         
0000e198  __mspabi_srll_4         
0000e192  __mspabi_srll_5         
0000e18c  __mspabi_srll_6         
0000e186  __mspabi_srll_7         
0000e180  __mspabi_srll_8         
0000e17a  __mspabi_srll_9         
0000e256  __mspabi_srlll          
0000e42c  __mspabi_subd           
0000e1b2  _auto_init              
0000e5c2  _c_int00_noargs_noexit  
000002e6  _lock                   
0000e6b4  _nop                    
0000fffe  _reset_vector           
000003b0  _stack                  
0000e6ac  _system_pre_init        
000002e8  _unlock                 
0000e6b0  abort                   
0000dc5a  balance_control         
ffffffff  binit                   
0000df20  config                  
0000e558  control_motor_1         
0000e50a  control_motor_2         
0000e692  cos                     
0000e5dc  dataDecode              
000002fc  e                       
0000e45a  feraiseexcept           
0000c8b4  fmod                    
0000e5a0  main                    
0000e650  memcpy                  
000002da  output                  
0000e3fa  raise                   
000002d8  re_e                    
000002f8  re_goc                  
0000e316  rxIsr                   
0000e390  signal                  
0000e354  spiA0Setup              
000002fe  varAngle                
000002df  varAngleNew             
000002de  varAngleOld             
000002ff  varDirection            
00000300  varRx                   


GLOBAL SYMBOLS: SORTED BY Symbol Address 

address   name                    
-------   ----                    
00000000  IE1                     
00000001  IE2                     
00000002  IFG1                    
00000003  IFG2                    
00000010  P3REN                   
00000018  P3IN                    
00000019  P3OUT                   
0000001a  P3DIR                   
0000001b  P3SEL                   
00000020  P1IN                    
00000021  P1OUT                   
00000022  P1DIR                   
00000023  P1IFG                   
00000024  P1IES                   
00000025  P1IE                    
00000026  P1SEL                   
00000027  P1REN                   
00000028  P2IN                    
00000029  P2OUT                   
0000002a  P2DIR                   
0000002b  P2IFG                   
0000002c  P2IES                   
0000002d  P2IE                    
0000002e  P2SEL                   
0000002f  P2REN                   
00000041  P1SEL2                  
00000042  P2SEL2                  
00000043  P3SEL2                  
00000048  ADC10DTC0               
00000049  ADC10DTC1               
0000004a  ADC10AE0                
00000050  __STACK_SIZE            
00000053  BCSCTL3                 
00000056  DCOCTL                  
00000057  BCSCTL1                 
00000058  BCSCTL2                 
00000059  CACTL1                  
0000005a  CACTL2                  
0000005b  CAPD                    
0000005d  UCA0ABCTL               
0000005e  UCA0IRTCTL              
0000005f  UCA0IRRCTL              
00000060  UCA0CTL0                
00000061  UCA0CTL1                
00000062  UCA0BR0                 
00000063  UCA0BR1                 
00000064  UCA0MCTL                
00000065  UCA0STAT                
00000066  UCA0RXBUF               
00000067  UCA0TXBUF               
00000068  UCB0CTL0                
00000069  UCB0CTL1                
0000006a  UCB0BR0                 
0000006b  UCB0BR1                 
0000006c  UCB0I2CIE               
0000006d  UCB0STAT                
0000006e  UCB0RXBUF               
0000006f  UCB0TXBUF               
00000118  UCB0I2COA               
0000011a  UCB0I2CSA               
0000011e  TA1IV                   
00000120  WDTCTL                  
00000128  FCTL1                   
0000012a  FCTL2                   
0000012c  FCTL3                   
0000012e  TA0IV                   
00000160  TA0CTL                  
00000162  TA0CCTL0                
00000164  TA0CCTL1                
00000166  TA0CCTL2                
00000170  TA0R                    
00000172  TA0CCR0                 
00000174  TA0CCR1                 
00000176  TA0CCR2                 
00000180  TA1CTL                  
00000182  TA1CCTL0                
00000184  TA1CCTL1                
00000186  TA1CCTL2                
00000190  TA1R                    
00000192  TA1CCR0                 
00000194  TA1CCR1                 
00000196  TA1CCR2                 
000001b0  ADC10CTL0               
000001b2  ADC10CTL1               
000001b4  ADC10MEM                
000001bc  ADC10SA                 
00000200  _Denorm                 
00000210  _Eps                    
00000220  _Hugeval                
00000230  _Inf                    
00000240  _Nan                    
00000250  _Snan                   
00000260  _Rteps                  
00000270  _Xbig                   
00000278  _Zero                   
000002d8  re_e                    
000002da  output                  
000002de  varAngleOld             
000002df  varAngleNew             
000002e0  _Fenv                   
000002e4  _Tls_setup__Fenv        
000002e6  _lock                   
000002e8  _unlock                 
000002ea  _Errno                  
000002ec  D_part                  
000002f0  I_part                  
000002f4  P_part                  
000002f8  re_goc                  
000002fc  e                       
000002fe  varAngle                
000002ff  varDirection            
00000300  varRx                   
000003b0  _stack                  
00000400  __STACK_END             
000010c0  TLV_CHECKSUM            
000010da  TLV_ADC10_1_TAG         
000010db  TLV_ADC10_1_LEN         
000010f6  TLV_DCO_30_TAG          
000010f7  TLV_DCO_30_LEN          
000010f8  CALDCO_16MHZ            
000010f9  CALBC1_16MHZ            
000010fa  CALDCO_12MHZ            
000010fb  CALBC1_12MHZ            
000010fc  CALDCO_8MHZ             
000010fd  CALBC1_8MHZ             
000010fe  CALDCO_1MHZ             
000010ff  CALBC1_1MHZ             
0000c000  __TI_frcdivd            
0000c462  _Sin                    
0000c8b4  fmod                    
0000cbd8  __TI_frcmpyd            
0000cecc  __mspabi_addd           
0000d1b4  __mspabi_mpyd           
0000d422  __TI_frcaddd            
0000d682  __mspabi_divd           
0000d8ba  _Dscale                 
0000da6e  _Dnorm                  
0000db7e  __mspabi_cmpd           
0000dc5a  balance_control         
0000dd34  __TI_renormd            
0000ddf2  __mspabi_fltlid         
0000de94  __mspabi_cvtdf          
0000df20  config                  
0000dfa4  __mspabi_fixdul         
0000e018  __mspabi_fixdli         
0000e08a  __mspabi_cvtfd          
0000e156  __mspabi_srll_15        
0000e15c  __mspabi_srll_14        
0000e162  __mspabi_srll_13        
0000e168  __mspabi_srll_12        
0000e16e  __mspabi_srll_11        
0000e174  __mspabi_srll_10        
0000e17a  __mspabi_srll_9         
0000e180  __mspabi_srll_8         
0000e186  __mspabi_srll_7         
0000e18c  __mspabi_srll_6         
0000e192  __mspabi_srll_5         
0000e198  __mspabi_srll_4         
0000e19e  __mspabi_srll_3         
0000e1a4  __mspabi_srll_2         
0000e1aa  __mspabi_srll_1         
0000e1b2  _auto_init              
0000e20a  __mspabi_srli           
0000e218  __mspabi_srli_15        
0000e21c  __mspabi_srli_14        
0000e220  __mspabi_srli_13        
0000e224  __mspabi_srli_12        
0000e228  __mspabi_srli_11        
0000e22c  __mspabi_srli_10        
0000e230  __mspabi_srli_9         
0000e234  __mspabi_srli_8         
0000e238  __mspabi_srli_7         
0000e23c  __mspabi_srli_6         
0000e240  __mspabi_srli_5         
0000e244  __mspabi_srli_4         
0000e248  __mspabi_srli_3         
0000e24c  __mspabi_srli_2         
0000e250  __mspabi_srli_1         
0000e256  __mspabi_srlll          
0000e29a  __mspabi_sral_15        
0000e29e  __mspabi_sral_14        
0000e2a2  __mspabi_sral_13        
0000e2a6  __mspabi_sral_12        
0000e2aa  __mspabi_sral_11        
0000e2ae  __mspabi_sral_10        
0000e2b2  __mspabi_sral_9         
0000e2b6  __mspabi_sral_8         
0000e2ba  __mspabi_sral_7         
0000e2be  __mspabi_sral_6         
0000e2c2  __mspabi_sral_5         
0000e2c6  __mspabi_sral_4         
0000e2ca  __mspabi_sral_3         
0000e2ce  __mspabi_sral_2         
0000e2d2  __mspabi_sral_1         
0000e2d8  __mspabi_slll_15        
0000e2dc  __mspabi_slll_14        
0000e2e0  __mspabi_slll_13        
0000e2e4  __mspabi_slll_12        
0000e2e8  __mspabi_slll_11        
0000e2ec  __mspabi_slll_10        
0000e2f0  __mspabi_slll_9         
0000e2f4  __mspabi_slll_8         
0000e2f8  __mspabi_slll_7         
0000e2fc  __mspabi_slll_6         
0000e300  __mspabi_slll_5         
0000e304  __mspabi_slll_4         
0000e308  __mspabi_slll_3         
0000e30c  __mspabi_slll_2         
0000e310  __mspabi_slll_1         
0000e316  rxIsr                   
0000e354  spiA0Setup              
0000e390  signal                  
0000e3c8  _Feraise                
0000e3fa  raise                   
0000e42c  __mspabi_subd           
0000e45a  feraiseexcept           
0000e488  __mspabi_srai           
0000e494  __mspabi_srai_15        
0000e496  __mspabi_srai_14        
0000e498  __mspabi_srai_13        
0000e49a  __mspabi_srai_12        
0000e49c  __mspabi_srai_11        
0000e49e  __mspabi_srai_10        
0000e4a0  __mspabi_srai_9         
0000e4a2  __mspabi_srai_8         
0000e4a4  __mspabi_srai_7         
0000e4a6  __mspabi_srai_6         
0000e4a8  __mspabi_srai_5         
0000e4aa  __mspabi_srai_4         
0000e4ac  __mspabi_srai_3         
0000e4ae  __mspabi_srai_2         
0000e4b0  __mspabi_srai_1         
0000e4b4  __mspabi_slli           
0000e4c0  __mspabi_slli_15        
0000e4c2  __mspabi_slli_14        
0000e4c4  __mspabi_slli_13        
0000e4c6  __mspabi_slli_12        
0000e4c8  __mspabi_slli_11        
0000e4ca  __mspabi_slli_10        
0000e4cc  __mspabi_slli_9         
0000e4ce  __mspabi_slli_8         
0000e4d0  __mspabi_slli_7         
0000e4d2  __mspabi_slli_6         
0000e4d4  __mspabi_slli_5         
0000e4d6  __mspabi_slli_4         
0000e4d8  __mspabi_slli_3         
0000e4da  __mspabi_slli_2         
0000e4dc  __mspabi_slli_1         
0000e4e0  __mspabi_negd           
0000e50a  control_motor_2         
0000e532  __mspabi_mpyl           
0000e532  __mspabi_mpyl_sw        
0000e558  control_motor_1         
0000e57c  __mspabi_fltuf          
0000e5a0  main                    
0000e5c2  _c_int00_noargs_noexit  
0000e5dc  dataDecode              
0000e5f2  __TI_zero_init          
0000e606  __mspabi_mpyi           
0000e606  __mspabi_mpyi_sw        
0000e61a  __mspabi_fixdu          
0000e62c  __TI_decompress_none    
0000e63e  __mspabi_srll           
0000e650  memcpy                  
0000e662  __mspabi_sral           
0000e672  __mspabi_slll           
0000e682  __mspabi_func_epilog_7  
0000e684  __mspabi_func_epilog_6  
0000e686  __mspabi_func_epilog_5  
0000e688  __mspabi_func_epilog_4  
0000e68a  __mspabi_func_epilog_3  
0000e68c  __mspabi_func_epilog_2  
0000e68e  __mspabi_func_epilog_1  
0000e692  cos                     
0000e6a0  __TI_ISR_TRAP           
0000e6a6  __TI_decompress_rle24   
0000e6ac  _system_pre_init        
0000e6b0  C$$EXIT                 
0000e6b0  abort                   
0000e6b4  _nop                    
0000e754  __TI_Handler_Table_Base 
0000e75a  __TI_Handler_Table_Limit
0000e75e  __TI_CINIT_Base         
0000e766  __TI_CINIT_Limit        
0000ffe0  __TI_int00              
0000ffe4  __TI_int02              
0000ffe6  __TI_int03              
0000ffea  __TI_int05              
0000ffec  __TI_int06              
0000ffee  __TI_int07              
0000fff0  __TI_int08              
0000fff2  __TI_int09              
0000fff4  __TI_int10              
0000fff6  __TI_int11              
0000fff8  __TI_int12              
0000fffa  __TI_int13              
0000fffc  __TI_int14              
0000fffe  _reset_vector           
ffffffff  __binit__               
ffffffff  __c_args__              
ffffffff  binit                   
UNDEFED   __TI_INITARRAY_Base     
UNDEFED   __TI_INITARRAY_Limit    

[303 symbols]
